
<A>_ALARM          13.4 is already known as ../Code_aster_stable-v134_smeca/share/aster (/opt/aster/13.4/share/aster is ignored). Check your configuration file : /opt/SalomeMeca/V2017.0.2/tools/Code_aster_frontend-20170/etc/codeaster/aster


>>> 2019/01/10-20:45:07.915  [start@/opt/SalomeMeca/V2017.0.2/tools/Code_aster_frontend-20170/lib/python2.7/site-packages/asrun/main.py:75]
Command line run on 'caelinux'
using python executable '/opt/SalomeMeca/V2017.0.2/prerequisites/Python-2710/bin/python' :
['/opt/SalomeMeca/V2017.0.2/tools/Code_aster_frontend-20170/bin/as_run',
 'export']

>>> 2019/01/10-20:45:07.917  [__init__@/opt/SalomeMeca/V2017.0.2/tools/Code_aster_frontend-20170/lib/python2.7/site-packages/asrun/system.py:194]
AsterSystem param :
{'remote_copy_protocol': 'SCP', 'remote_shell_protocol': 'SSH'}

>>> 2019/01/10-20:45:07.917  [Shell@/opt/SalomeMeca/V2017.0.2/tools/Code_aster_frontend-20170/lib/python2.7/site-packages/asrun/system.py:517]
remote command ( <> caelinux and caelinux <> caelinux) ? False

>>> 2019/01/10-20:45:07.917  [GetMemInfo@/opt/SalomeMeca/V2017.0.2/tools/Code_aster_frontend-20170/lib/python2.7/site-packages/asrun/system.py:872]
cmd :
cat /proc/meminfo
background : False
follow_output : False

>>> 2019/01/10-20:45:07.937  [GetMemInfo@/opt/SalomeMeca/V2017.0.2/tools/Code_aster_frontend-20170/lib/python2.7/site-packages/asrun/system.py:879]
GetMemInfo 'memtotal' returns : 7981

>>> 2019/01/10-20:45:07.937  [Shell@/opt/SalomeMeca/V2017.0.2/tools/Code_aster_frontend-20170/lib/python2.7/site-packages/asrun/system.py:517]
remote command ( <> caelinux and caelinux <> caelinux) ? False

>>> 2019/01/10-20:45:07.938  [GetCpuInfo@/opt/SalomeMeca/V2017.0.2/tools/Code_aster_frontend-20170/lib/python2.7/site-packages/asrun/system.py:850]
cmd :
cat /proc/cpuinfo
background : False
follow_output : False

>>> 2019/01/10-20:45:07.943  [GetCpuInfo@/opt/SalomeMeca/V2017.0.2/tools/Code_aster_frontend-20170/lib/python2.7/site-packages/asrun/system.py:858]
GetCpuInfo 'numcpu' returns : 1

>>> 2019/01/10-20:45:07.943  [get_limits@/opt/SalomeMeca/V2017.0.2/tools/Code_aster_frontend-20170/lib/python2.7/site-packages/asrun/common_func.py:177]
Limits returned :
{'interactif_memmax': 7981,
 'interactif_mpi_nbpmax': 32,
 'interactif_nbpmax': 1,
 'interactif_tpsmax': '9999:00:00'}

>>> 2019/01/10-20:45:07.944  [get_limits@/opt/SalomeMeca/V2017.0.2/tools/Code_aster_frontend-20170/lib/python2.7/site-packages/asrun/common_func.py:177]
Limits returned :
{'batch_memmax': 7981,
 'batch_mpi_nbpmax': 32,
 'batch_nbpmax': 1,
 'batch_tpsmax': '9999:00:00'}

>>> 2019/01/10-20:45:07.944  [PostConf@/opt/SalomeMeca/V2017.0.2/tools/Code_aster_frontend-20170/lib/python2.7/site-packages/asrun/run.py:584]
installation dirs (aster_root, confdir, localedir, LANG)
/opt/SalomeMeca/V2017.0.2/tools/Code_aster_frontend-20170
/opt/SalomeMeca/V2017.0.2/tools/Code_aster_frontend-20170/etc/codeaster
/opt/SalomeMeca/V2017.0.2/tools/Code_aster_frontend-20170/share/locale
en_US.UTF-8

>>> 2019/01/10-20:45:07.945  [RunAster@/opt/SalomeMeca/V2017.0.2/tools/Code_aster_frontend-20170/lib/python2.7/site-packages/asrun/execute.py:152]
source list : (u'export',)
destination : /tmp/astk_caelinux/caelinux-caelinux-profil_astk.24310

>>> 2019/01/10-20:45:07.945  [RunAster@/opt/SalomeMeca/V2017.0.2/tools/Code_aster_frontend-20170/lib/python2.7/site-packages/asrun/execute.py:152]
cmd :
cp -L -r export /tmp/astk_caelinux/caelinux-caelinux-profil_astk.24310
background : False
follow_output : False

>>> 2019/01/10-20:45:07.960  [_dbg@/opt/SalomeMeca/V2017.0.2/tools/Code_aster_frontend-20170/lib/python2.7/site-packages/asrun/profil.py:46]
P memory_limit: 1024.0    P memjob: 1048576    A memjeveux: 128.0

>>> 2019/01/10-20:45:07.960  [_dbg@/opt/SalomeMeca/V2017.0.2/tools/Code_aster_frontend-20170/lib/python2.7/site-packages/asrun/profil.py:46]
P time_limit: 900.0    P tpsjob: 16    A tpmax: 900.0

>>> 2019/01/10-20:45:07.966  [_dbg@/opt/SalomeMeca/V2017.0.2/tools/Code_aster_frontend-20170/lib/python2.7/site-packages/asrun/profil.py:46]
P memory_limit: 1024.0    P memjob: 1048576    A memjeveux: 128.0

>>> 2019/01/10-20:45:07.966  [_dbg@/opt/SalomeMeca/V2017.0.2/tools/Code_aster_frontend-20170/lib/python2.7/site-packages/asrun/profil.py:46]
P time_limit: 900.0    P tpsjob: 16    A tpmax: 900.0

>>> 2019/01/10-20:45:07.966  [RunAster@/opt/SalomeMeca/V2017.0.2/tools/Code_aster_frontend-20170/lib/python2.7/site-packages/asrun/execute.py:161]
Input export : /tmp/astk_caelinux/caelinux-caelinux-profil_astk.24310
AsterProfil object   = 0x135f300
.filename            = /tmp/astk_caelinux/caelinux-caelinux-profil_astk.24310
P actions make_etude
P memjob 1048576
P memory_limit 1024.0
P mode interactif
P mpi_nbcpu 1
P mpi_nbnoeud 1
P nomjob RunCase_2_Stage_1
P origine AsterStudy 2017.0.2
P studyid 22226-0003-caelinux
P time_limit 900.0
P tpsjob 16
P version stable
A memjeveux 128.0
A tpmax 900.0
F comm /tmp/salome_localres_workdir_caelinux/caelinux-caelinux-Don-10-204506.449/RunCase_2_Stage_1.comm D  1
F libr /tmp/salome_localres_workdir_caelinux/caelinux-caelinux-Don-10-204506.449/_ExportedFromSalomeObject_0_1_2_3.med D  20
F libr /tmp/salome_localres_workdir_caelinux/caelinux-caelinux-Don-10-204506.449/2beam2_res.rmed R  80
F mess 
[...]

>>> 2019/01/10-20:45:07.966  [Mess@/opt/SalomeMeca/V2017.0.2/tools/Code_aster_frontend-20170/lib/python2.7/site-packages/asrun/run.py:640]
Warning or error raised :
<A>_ALARM 13.4 is already known as ../Code_aster_stable-v134_smeca/share/aster (/opt/aster/13.4/share/aster is ignored). Check your configuration file : /opt/SalomeMeca/V2017.0.2/tools/Code_aster_frontend-20170/etc/codeaster/aster
Traceback:
  File "<string>", line 1, in <module>
  File "/opt/SalomeMeca/V2017.0.2/tools/Code_aster_frontend-20170/lib/python2.7/site-packages/asrun/main.py", line 113, in main
    start()
  File "/opt/SalomeMeca/V2017.0.2/tools/Code_aster_frontend-20170/lib/python2.7/site-packages/asrun/main.py", line 96, in start
    meth(run, *args)
  File "/opt/SalomeMeca/V2017.0.2/tools/Code_aster_frontend-20170/lib/python2.7/site-packages/asrun/execute.py", line 164, in RunAster
    REPREF = prof.get_version_path()
  File "/opt/SalomeMeca/V2017.0.2/tools/Code_aster_frontend-20170/lib/python2.7/site-packages/asrun/profil.py", line 347, in get_version_path
    path = self.run.get_version_path(label)
  File "/opt/SalomeMeca/V2017.0.2/tools/Code_aster_frontend-20170/lib/python2.7/site-packages/asrun/run.py", line 558, in get_version_path
    dict_vers = self.get_versions_dict()
  File "/opt/SalomeMeca/V2017.0.2/tools/Code_aster_frontend-20170/lib/python2.7/site-packages/asrun/run.py", line 535, in get_versions_dict
    % (key, dict_vers[key], vname, osp.join(confdir, "aster")), "<A>_ALARM")
  File "/opt/SalomeMeca/V2017.0.2/tools/Code_aster_frontend-20170/lib/python2.7/site-packages/asrun/run.py", line 640, in Mess
    print_traceback=True)
  File "/opt/SalomeMeca/V2017.0.2/tools/Code_aster_frontend-20170/lib/python2.7/site-packages/asrun/run.py", line 818, in DBG
    stack_id=stack_id, all=all, prefix=prefix, *args)
  File "/opt/SalomeMeca/V2017.0.2/tools/Code_aster_frontend-20170/lib/python2.7/site-packages/asrun/run.py", line 774, in _printDBG
    stack = traceback.format_stack(limit=10)



<A>_ALARM          13.4 is already known as ../Code_aster_stable-v134_smeca/share/aster (/opt/aster/13.4/share/aster is ignored). Check your configuration file : /opt/SalomeMeca/V2017.0.2/tools/Code_aster_frontend-20170/etc/codeaster/aster


>>> 2019/01/10-20:45:07.967  [Mess@/opt/SalomeMeca/V2017.0.2/tools/Code_aster_frontend-20170/lib/python2.7/site-packages/asrun/run.py:640]
Warning or error raised :
<A>_ALARM 13.4 is already known as ../Code_aster_stable-v134_smeca/share/aster (/opt/aster/13.4/share/aster is ignored). Check your configuration file : /opt/SalomeMeca/V2017.0.2/tools/Code_aster_frontend-20170/etc/codeaster/aster
Traceback:
  File "/opt/SalomeMeca/V2017.0.2/tools/Code_aster_frontend-20170/lib/python2.7/site-packages/asrun/main.py", line 113, in main
    start()
  File "/opt/SalomeMeca/V2017.0.2/tools/Code_aster_frontend-20170/lib/python2.7/site-packages/asrun/main.py", line 96, in start
    meth(run, *args)
  File "/opt/SalomeMeca/V2017.0.2/tools/Code_aster_frontend-20170/lib/python2.7/site-packages/asrun/execute.py", line 165, in RunAster
    conf = build_config_from_export(run, prof)
  File "/opt/SalomeMeca/V2017.0.2/tools/Code_aster_frontend-20170/lib/python2.7/site-packages/asrun/config.py", line 204, in build_config_from_export
    version_path = prof.get_version_path()
  File "/opt/SalomeMeca/V2017.0.2/tools/Code_aster_frontend-20170/lib/python2.7/site-packages/asrun/profil.py", line 347, in get_version_path
    path = self.run.get_version_path(label)
  File "/opt/SalomeMeca/V2017.0.2/tools/Code_aster_frontend-20170/lib/python2.7/site-packages/asrun/run.py", line 558, in get_version_path
    dict_vers = self.get_versions_dict()
  File "/opt/SalomeMeca/V2017.0.2/tools/Code_aster_frontend-20170/lib/python2.7/site-packages/asrun/run.py", line 535, in get_versions_dict
    % (key, dict_vers[key], vname, osp.join(confdir, "aster")), "<A>_ALARM")
  File "/opt/SalomeMeca/V2017.0.2/tools/Code_aster_frontend-20170/lib/python2.7/site-packages/asrun/run.py", line 640, in Mess
    print_traceback=True)
  File "/opt/SalomeMeca/V2017.0.2/tools/Code_aster_frontend-20170/lib/python2.7/site-packages/asrun/run.py", line 818, in DBG
    stack_id=stack_id, all=all, prefix=prefix, *args)
  File "/opt/SalomeMeca/V2017.0.2/tools/Code_aster_frontend-20170/lib/python2.7/site-packages/asrun/run.py", line 774, in _printDBG
    stack = traceback.format_stack(limit=10)



<A>_ALARM          13.4 is already known as ../Code_aster_stable-v134_smeca/share/aster (/opt/aster/13.4/share/aster is ignored). Check your configuration file : /opt/SalomeMeca/V2017.0.2/tools/Code_aster_frontend-20170/etc/codeaster/aster


>>> 2019/01/10-20:45:07.968  [Shell@/opt/SalomeMeca/V2017.0.2/tools/Code_aster_frontend-20170/lib/python2.7/site-packages/asrun/system.py:517]
remote command ( <> caelinux and caelinux <> caelinux) ? False

>>> 2019/01/10-20:45:07.968  [AddToEnv@/opt/SalomeMeca/V2017.0.2/tools/Code_aster_frontend-20170/lib/python2.7/site-packages/asrun/system.py:801]
cmd :
bash -c env
background : False
follow_output : False

>>> 2019/01/10-20:45:07.979  [AddToEnv@/opt/SalomeMeca/V2017.0.2/tools/Code_aster_frontend-20170/lib/python2.7/site-packages/asrun/system.py:802]
env_init
LC_PAPER=de_CH.UTF-8
XDG_VTNR=7
JOBMANAGER_ROOT_DIR=/home/caelinux/../../opt/SalomeMeca/appli_V2017.0.2
CSF_XmlOcafResource=/opt/SalomeMeca/V2017.0.2/prerequisites/Occ-710p1/src/XmlOcafResource
SALOME_HexoticPLUGINResources=/home/caelinux/../../opt/SalomeMeca/appli_V2017.0.2/share/salome/resources/hexoticplugin
HOMARD_ROOT_DIR=/home/caelinux/../../opt/SalomeMeca/appli_V2017.0.2
LC_ADDRESS=de_CH.UTF-8
XDG_SESSION_ID=c1
EFICAS_NOUVEAU_ROOT=/opt/SalomeMeca/V2017.0.2/tools/Eficas_nouveau-V8_3_0
CLUTTER_IM_MODULE=
XDG_GREETER_DATA_DIR=/var/lib/lightdm-data/caelinux
EUROPLEXUS_ROOT_DIR=/home/caelinux/../../opt/SalomeMeca/appli_V2017.0.2
LRELEASE=/opt/SalomeMeca/V2017.0.2/prerequisites/Qt-5611/bin/lrelease
LC_MONETARY=de_CH.UTF-8
OMNIORB_USERS_PATH=/tmp
ASTER_ROOT=/opt/SalomeMeca/V2017.0.2/tools/Code_aster_frontend-20170
QT_STYLE_OVERRIDE=gtk
ASTER_VERSION_DIR=/opt/SalomeMeca/V2017.0.2/tools/Code_aster_frontend-20170/../Code_aster_stable-v134_smeca/share/aster
SESSION=xubuntu
ADD_TO_QT_PLUGIN_PATH=/opt/SalomeMeca/V2017.0.2/prerequisites/Qt-5611/plugins
SALOMEMECA_MOFEM_ROOT_DIR=/opt/SalomeMeca/V2017.0.2/tools/Salomemeca_mofem-20170
GLADE_PIXMAP_PATH=:
QWTHOME=/opt/SalomeMeca/V2017.0.2/prerequisites/Qwt-612
FREETYPE_ROOT=/opt/SalomeMeca/V2017.0.2/prerequisites/Freetype-2411
SHELL=/bin/bash
CSF_StandardDefaults=/opt/SalomeMeca/V2017.0.2/prerequisites/Occ-710p1/src/StdResource
XDG_MENU_PREFIX=xfce-
TCLDIR=/opt/SalomeMeca/V2017.0.2/prerequisites/Tcl-8513
PARAVIS_ROOT_DIR=/home/caelinux/../../opt/SalomeMeca/appli_V2017.0.2
NSHOST=caelinux
PYGMENTS_HOME=/opt/SalomeMeca/V2017.0.2/prerequisites/Pygments-202
TOOLS_ROOT_DIR=/opt/SalomeMeca/V2017.0.2/tools
DOCUTILS_ROOT_DIR=/opt/SalomeMeca/V2017.0.2/prerequisites/Docutils-012
QT_QPA_PLATFORM_PLUGIN_PATH=/opt/SalomeMeca/V2017.0.2/prerequisites/Qt-5611/plugins/platforms
LIBXML_DIR=/opt/SalomeMeca/V2017.0.2/prerequisites/Libxml2-290
GEOM_PluginsList=BREPPlugin:STEPPlugin:IGESPlugin:STLPlugin:XAOPlugin:VTKPlugin:AdvancedGEOM
QT_LINUX_ACCESSIBILITY_ALWAYS_ON=1
CSF_XSMessage=/opt/SalomeMeca/V2017.0.2/prerequisites/Occ-710p1/src/XSMessage
PYUIC=/opt/SalomeMeca/V2017.0.2/prerequisites/Pyqt-560/bin/pyuic5
GRAPHVIZHOME=/opt/SalomeMeca/V2017.0.2/prerequisites/Graphviz-2380
MEDCOUPLING_ROOT_DIR=/opt/SalomeMeca/V2017.0.2/tools/Medcoupling-V8_3_0
HOMARD_REP_EXE=/opt/SalomeMeca/V2017.0.2/tools/Homard_tool-118
CYTHON_ROOT_DIR=/opt/SalomeMeca/V2017.0.2/prerequisites/Cython-0232
PVVERSION=5.1
KERNEL_ROOT_DIR=/home/caelinux/../../opt/SalomeMeca/appli_V2017.0.2
HOMARD_ASTER_ROOT_DIR=/opt/SalomeMeca/V2017.0.2/tools/Homard_aster-117_aster
LC_NUMERIC=C
TK_LIBRARY=/opt/SalomeMeca/V2017.0.2/prerequisites/Tk-8513/lib/tk8.5
SALOME_GHS3DPluginResources=/home/caelinux/../../opt/SalomeMeca/appli_V2017.0.2/share/salome/resources/ghs3dplugin
YACS_ROOT_DIR=/home/caelinux/../../opt/SalomeMeca/appli_V2017.0.2
SUITRoot=/home/caelinux/../../opt/SalomeMeca/appli_V2017.0.2/share/salome
UPSTART_SESSION=unix:abstract=/com/ubuntu/upstart-session/990/1780
PARAVISADDONS_ROOT_DIR=/opt/SalomeMeca/V2017.0.2/tools/Paravisaddons-V8_3_0
GNOME_KEYRING_CONTROL=
DATA_DIR=/opt/SalomeMeca/V2017.0.2/modules/SAMPLES_V8_3_0
APPLI=../../opt/SalomeMeca/appli_V2017.0.2
PREFS_CATA_CF=/opt/SalomeMeca/V2017.0.2/tools/Salomemeca_plugins-20170_public/lib/python2.7/site-packages/salome/CF
QTDIR=/opt/SalomeMeca/V2017.0.2/prerequisites/Qt-5611
FREEIMAGE_ROOT=/opt/SalomeMeca/V2017.0.2/prerequisites/Freeimage-3160p1
MISS3D_DIR=/opt/SalomeMeca/V2017.0.2/tools/Miss3d-66_aster4
HDF5HOME=/opt/SalomeMeca/V2017.0.2/prerequisites/Hdf5-1814
ADAO_ROOT_DIR=/home/caelinux/../../opt/SalomeMeca/appli_V2017.0.2
CSF_SHMessageStd=/opt/SalomeMeca/V2017.0.2/prerequisites/Occ-710p1/src/SHMessageStd
PYTHONEXECUTABLE=/opt/SalomeMeca/V2017.0.2/prerequisites/Python-2710/bin/python
SALOME_HYBRIDPluginResources=/home/caelinux/../../opt/SalomeMeca/appli_V2017.0.2/share/salome/resources/hybridplugin
ASTER_OLDSTABLE=/opt/SalomeMeca/V2017.0.2/tools/Code_aster_oldstable-1280
SIP_ROOT_DIR=/opt/SalomeMeca/V2017.0.2/prerequisites/Sip-418
GMSH_DIR=/opt/SalomeMeca/V2017.0.2/prerequisites/Gmsh-2110
USER=caelinux
ROOT_SALOME=/opt/SalomeMeca/V2017.0.2
CSF_StandardLiteDefaults=/opt/SalomeMeca/V2017.0.2/prerequisites/Occ-710p1/src/StdResource
CGNSHOME=/opt/SalomeMeca/V2017.0.2/prerequisites/Cgnslib-3134
QT_ACCESSIBILITY=1
LC_TELEPHONE=de_CH.UTF-8
CLUTTER_BACKEND=x11
HEXABLOCK_ROOT_DIR=/home/caelinux/../../opt/SalomeMeca/appli_V2017.0.2
LD_LIBRARY_PATH=/opt/OpenBLAS-0.2.20/lib/:/opt/SalomeMeca/V2017.0.2/prerequisites/Python-2710/lib:/home/caelinux/../../opt/SalomeMeca/appli_V2017.0.2/lib/salome:/opt/SalomeMeca/V2017.0.2/modules/ASTERSTUDY_201702/lib/salome:/opt/SalomeMeca/V2017.0.2/prerequisites/Tcl-8513/lib:/opt/SalomeMeca/V2017.0.2/prerequisites/Tk-8513/lib:/opt/SalomeMeca/V2017.0.2/prerequisites/Python-2710/lib:/opt/SalomeMeca/V2017.0.2/prerequisites/Sip-418/lib/python2.7/site-packages:/opt/SalomeMeca/V2017.0.2/prerequisites/Tcl-8513/lib/Tix8.4.3:/opt/SalomeMeca/V2017.0.2/prerequisites/Omniorb-416/lib:/opt/SalomeMeca/V2017.0.2/prerequisites/Hdf5-1814/lib:/opt/SalomeMeca/V2017.0.2/prerequisites/Cgnslib-3134/lib:/opt/SalomeMeca/V2017.0.2/prerequisites/Tcl-8513/lib/Togl1.7:/opt/SalomeMeca/V2017.0.2/prerequisites/Metis_aster-510_aster1:/opt/SalomeMeca/V2017.0.2/prerequisites/Metis-40/lib:/opt/SalomeMeca/V2017.0.2/tools/Code_aster_frontend-20170/lib:/opt/SalomeMeca/V2017.0.2/prerequisites/Lapack-350/lib:/opt/SalomeMeca/V2017.0.2/tools/Medfichier-321/lib:/opt/SalomeMeca/V2017.0.2/prerequisites/Metis_aster-510_aster1:/opt/SalomeMeca/V2017.0.2/prerequisites/Metis-40/Lib:/opt/SalomeMeca/V2017.0.2/prerequisites/Mfront-TFEL300/lib:/opt/SalomeMeca/V2017.0.2/prerequisites/Mfront_stable-TFEL202/lib:/opt/SalomeMeca/V2017.0.2/prerequisites/Mumps4-4100_aster3/SEQ/lib:/usr/lib/atlas-base/atlas:/opt/SalomeMeca/V2017.0.2/tools/Code_aster_oldstable-1280/lib/aster:/opt/SalomeMeca/V2017.0.2/prerequisites/Freetype-2411/lib:/opt/SalomeMeca/V2017.0.2/prerequisites/Boost-1520/lib:/opt/SalomeMeca/V2017.0.2/prerequisites/Graphviz-2380/lib/graphviz:/opt/SalomeMeca/V2017.0.2/prerequisites/Graphviz-2380/lib:/opt/SalomeMeca/V2017.0.2/prerequisites/Gl2ps-139svn20160620/lib:/opt/SalomeMeca/V2017.0.2/prerequisites/Cppunit-1132/lib:/opt/SalomeMeca/V2017.0.2/tools/Libbatch-V2_3_1/lib:/opt/SalomeMeca/V2017.0.2/prerequisites/Libxml2-290/lib:/opt/SalomeMeca/V2017.0.2/prerequisites/Freeimage-3160p1/lib:/opt/SalomeMeca/V2017.0.2/prerequisites/Tbb-424/lib:/opt/SalomeMeca/V2017.0.2/prerequisites/Occ-710p1/lib:/opt/SalomeMeca/V2017.0.2/prerequisites/Qt-5611/lib:/opt/SalomeMeca/V2017.0.2/prerequisites/Paraview-v512_EDF/lib/paraview-5.1:/opt/SalomeMeca/V2017.0.2/prerequisites/Qwt-612/lib:/opt/SalomeMeca/V2017.0.2/tools/Medcoupling-V8_3_0/lib:/opt/SalomeMeca/V2017.0.2/prerequisites/Opencv-231/lib:/opt/SalomeMeca/V2017.0.2/prerequisites/Gmsh-2110/lib:/opt/SalomeMeca/V2017.0.2/prerequisites/Libxslt-1128/lib:/opt/SalomeMeca/V2017.0.2/prerequisites/Meshgems-245/lib/Linux_64:/opt/SalomeMeca/V2017.0.2/tools/Netgen-531/lib:/opt/SalomeMeca/V2017.0.2/tools/Paravisaddons-V8_3_0/lib:/opt/SalomeMeca/V2017.0.2/prerequisites/Mumps-511_aster2/SEQ/lib:/usr/lib/atlas-base/atlas:/opt/SalomeMeca/V2017.0.2/tools/Code_aster_stable-v134_smeca/lib/aster:/opt/SalomeMeca/V2017.0.2/prerequisites/debianForSalome/lib:/lib64:/opt/SalomeMeca/V2017.0.2/prerequisites/Tcl-8513/lib:/opt/SalomeMeca/V2017.0.2/prerequisites/Tk-8513/lib:/opt/SalomeMeca/V2017.0.2/prerequisites/Python-2710/lib:/opt/SalomeMeca/V2017.0.2/prerequisites/Sip-418/lib/python2.7/site-packages:/opt/SalomeMeca/V2017.0.2/prerequisites/Tcl-8513/lib/Tix8.4.3:/opt/SalomeMeca/V2017.0.2/prerequisites/Omniorb-416/lib:/opt/SalomeMeca/V2017.0.2/prerequisites/Hdf5-1814/lib:/opt/SalomeMeca/V2017.0.2/prerequisites/Cgnslib-3134/lib:/opt/SalomeMeca/V2017.0.2/prerequisites/Tcl-8513/lib/Togl1.7:/opt/SalomeMeca/V2017.0.2/prerequisites/Metis_aster-510_aster1:/opt/SalomeMeca/V2017.0.2/prerequisites/Metis-40/lib:/opt/SalomeMeca/V2017.0.2/tools/Code_aster_frontend-20170/lib:/opt/SalomeMeca/V2017.0.2/prerequisites/Lapack-350/lib:/opt/SalomeMeca/V2017.0.2/tools/Medfichier-321/lib:/opt/SalomeMeca/V2017.0.2/prerequisites/Metis_aster-510_aster1:/opt/SalomeMeca/V2017.0.2/prerequisites/Metis-40/Lib:/opt/SalomeMeca/V2017.0.2/prerequisites/Mfront-TFEL300/lib:/opt/SalomeMeca/V2017.0.2/prerequisites/Mfront_stable-TFEL202/lib:/opt/SalomeMeca/V2017.0.2/prerequisites/Mumps4-4100_aster3/SEQ/lib:/usr/lib/atlas-base/atlas:/opt/SalomeMeca/V2017.0.2/tools/Code_aster_oldstable-1280/lib/aster:/opt/SalomeMeca/V2017.0.2/prerequisites/Freetype-2411/lib:/opt/SalomeMeca/V2017.0.2/prerequisites/Boost-1520/lib:/opt/SalomeMeca/V2017.0.2/prerequisites/Graphviz-2380/lib/graphviz:/opt/SalomeMeca/V2017.0.2/prerequisites/Graphviz-2380/lib:/opt/SalomeMeca/V2017.0.2/prerequisites/Gl2ps-139svn20160620/lib:/opt/SalomeMeca/V2017.0.2/prerequisites/Cppunit-1132/lib:/opt/SalomeMeca/V2017.0.2/tools/Libbatch-V2_3_1/lib:/opt/SalomeMeca/V2017.0.2/prerequisites/Libxml2-290/lib:/opt/SalomeMeca/V2017.0.2/prerequisites/Freeimage-3160p1/lib:/opt/SalomeMeca/V2017.0.2/prerequisites/Tbb-424/lib:/opt/SalomeMeca/V2017.0.2/prerequisites/Occ-710p1/lib:/opt/SalomeMeca/V2017.0.2/prerequisites/Qt-5611/lib:/opt/SalomeMeca/V2017.0.2/prerequisites/Paraview-v512_EDF/lib/paraview-5.1:/opt/SalomeMeca/V2017.0.2/prerequisites/Qwt-612/lib:/opt/SalomeMeca/V2017.0.2/tools/Medcoupling-V8_3_0/lib:/opt/SalomeMeca/V2017.0.2/prerequisites/Opencv-231/lib:/opt/SalomeMeca/V2017.0.2/prerequisites/Gmsh-2110/lib:/opt/SalomeMeca/V2017.0.2/prerequisites/Libxslt-1128/lib:/opt/SalomeMeca/V2017.0.2/prerequisites/Meshgems-245/lib/Linux_64:/opt/SalomeMeca/V2017.0.2/tools/Netgen-531/lib:/opt/SalomeMeca/V2017.0.2/tools/Paravisaddons-V8_3_0/lib:/opt/SalomeMeca/V2017.0.2/prerequisites/Mumps-511_aster2/SEQ/lib:/usr/lib/atlas-base/atlas:/opt/SalomeMeca/V2017.0.2/tools/Code_aster_stable-v134_smeca/lib/aster:/opt/SalomeMeca/V2017.0.2/prerequisites/debianForSalome/lib:/lib64
ASTERSTUDY_ROOT_DIR=/opt/SalomeMeca/V2017.0.2/modules/ASTERSTUDY_201702
OMNIORB_CONFIG=/tmp/.omniORB_caelinux_last.cfg
CASROOT=/opt/SalomeMeca/V2017.0.2/prerequisites/Occ-710p1
ECREVISSE_OLD_ROOT_DIR=/opt/SalomeMeca/V2017.0.2/tools/Ecrevisse_old-321
XDG_SESSION_PATH=/org/freedesktop/DisplayManager/Session0
GLADE_MODULE_PATH=:
CPPUNIT_ROOT=/opt/SalomeMeca/V2017.0.2/prerequisites/Cppunit-1132
SMESH_DIR=/opt/SalomeMeca/V2017.0.2/modules/SMESH_V8_3_0
SALOMEMECA_PYUTILS_ROOT_DIR=/opt/SalomeMeca/V2017.0.2/tools/Salomemeca_pyutils-20170
TCL_LIBRARY=/opt/SalomeMeca/V2017.0.2/prerequisites/Tcl-8513/lib/tcl8.5
XDG_SEAT_PATH=/org/freedesktop/DisplayManager/Seat0
DEBIANFORSALOME=/opt/SalomeMeca/V2017.0.2/prerequisites/debianForSalome
LIBBATCH_ROOT_DIR=/opt/SalomeMeca/V2017.0.2/tools/Libbatch-V2_3_1
SSH_AUTH_SOCK=/run/user/990/keyring/ssh
CSF_MDTVFontDirectory=/opt/SalomeMeca/V2017.0.2/prerequisites/Occ-710p1/src/FontMFT
CSF_UnitsDefinition=/opt/SalomeMeca/V2017.0.2/prerequisites/Occ-710p1/src/UnitsAPI/Units.dat
SCOTCHDIR=/opt/SalomeMeca/V2017.0.2/prerequisites/Scotch-5111
GMSH_BIN_DIR=/opt/SalomeMeca/V2017.0.2/prerequisites/Gmsh_bin-2120Linux64/bin
SESSION_MANAGER=local/caelinux:@/tmp/.ICE-unix/1986,unix/caelinux:/tmp/.ICE-unix/1986
MPLCONFIGDIR=/home/caelinux/.config/salome/matplotlib-1.4.3
DEFAULTS_PATH=/usr/share/gconf/xubuntu.default.path
EFICAS_ROOT_DIR=/home/caelinux/../../opt/SalomeMeca/appli_V2017.0.2
HexoticPLUGIN_ROOT_DIR=/home/caelinux/../../opt/SalomeMeca/appli_V2017.0.2
XDG_CONFIG_DIRS=/etc/xdg/xdg-xubuntu:/usr/share/upstart/xdg:/etc/xdg:/etc/xdg
NETGENPLUGIN_ROOT_DIR=/home/caelinux/../../opt/SalomeMeca/appli_V2017.0.2
PREREQUISITES_ROOT_DIR=/opt/SalomeMeca/V2017.0.2/prerequisites
PARAVIS_DIR=/opt/SalomeMeca/V2017.0.2/modules/PARAVIS_V8_3_0
MMGT_REENTRANT=1
QTVERSION=5
PATH=/opt/SalomeMeca/V2017.0.2/tools/Code_aster_frontend-20170/bin:/opt/SalomeMeca/V2017.0.2/tools/Code_aster_frontend-20170/outils:/home/caelinux/../../opt/SalomeMeca/appli_V2017.0.2/bin/salome:/opt/SalomeMeca/V2017.0.2/modules/ASTERSTUDY_201702/bin/salome:/opt/SalomeMeca/V2017.0.2/prerequisites/Tcl-8513/bin:/opt/SalomeMeca/V2017.0.2/prerequisites/Tk-8513/bin:/opt/SalomeMeca/V2017.0.2/prerequisites/Python-2710/bin:/opt/SalomeMeca/V2017.0.2/prerequisites/Sip-418/bin:/opt/SalomeMeca/V2017.0.2/prerequisites/Omniorb-416/bin:/opt/SalomeMeca/V2017.0.2/prerequisites/Hdf5-1814/bin:/opt/SalomeMeca/V2017.0.2/prerequisites/Cgnslib-3134/bin:/opt/SalomeMeca/V2017.0.2/prerequisites/Pygments-202/bin:/opt/SalomeMeca/V2017.0.2/prerequisites/Metis_aster-510_aster1:/opt/SalomeMeca/V2017.0.2/prerequisites/Metis-40/bin:/opt/SalomeMeca/V2017.0.2/tools/Code_aster_frontend-20170/bin:/opt/SalomeMeca/V2017.0.2/tools/Gibi-20008:/opt/SalomeMeca/V2017.0.2/prerequisites/Gmsh_bin-2120Linux64/bin:/opt/SalomeMeca/V2017.0.2/tools/Homard_aster-117_aster:/opt/SalomeMeca/V2017.0.2/tools/Medfichier-321/bin:/opt/SalomeMeca/V2017.0.2/prerequisites/Mercurial-261/bin:/opt/SalomeMeca/V2017.0.2/prerequisites/Mfront-TFEL300/bin:/opt/SalomeMeca/V2017.0.2/prerequisites/Mfront_stable-TFEL202/bin:/opt/SalomeMeca/V2017.0.2/tools/Miss3d-66_aster4:/opt/SalomeMeca/V2017.0.2/prerequisites/Numpy-192/bin:/opt/SalomeMeca/V2017.0.2/prerequisites/Scotch-5111/bin:/opt/SalomeMeca/V2017.0.2/prerequisites/Docutils-012/bin:/opt/SalomeMeca/V2017.0.2/prerequisites/Freetype-2411/bin:/opt/SalomeMeca/V2017.0.2/prerequisites/Graphviz-2380/bin:/opt/SalomeMeca/V2017.0.2/prerequisites/Cppunit-1132/bin:/opt/SalomeMeca/V2017.0.2/prerequisites/Libxml2-290/bin:/opt/SalomeMeca/V2017.0.2/prerequisites/Qt-5611/bin:/opt/SalomeMeca/V2017.0.2/prerequisites/Pyqt-560/bin:/opt/SalomeMeca/V2017.0.2/prerequisites/Paraview-v512_EDF/bin:/opt/SalomeMeca/V2017.0.2/tools/Medcoupling-V8_3_0/bin:/opt/SalomeMeca/V2017.0.2/prerequisites/Cython-0232/bin:/opt/SalomeMeca/V2017.0.2/prerequisites/Gmsh-2110/bin:/opt/SalomeMeca/V2017.0.2/prerequisites/Libxslt-1128/bin:/opt/SalomeMeca/V2017.0.2/prerequisites/Meshgems-245/bin/Linux_64:/tmp/salome_localres_workdir_caelinux/caelinux-caelinux-Don-10-204506.449:/opt/SalomeMeca/V2017.0.2/prerequisites/Tcl-8513/bin:/opt/SalomeMeca/V2017.0.2/prerequisites/Tk-8513/bin:/opt/SalomeMeca/V2017.0.2/prerequisites/Python-2710/bin:/opt/SalomeMeca/V2017.0.2/prerequisites/Sip-418/bin:/opt/SalomeMeca/V2017.0.2/prerequisites/Omniorb-416/bin:/opt/SalomeMeca/V2017.0.2/prerequisites/Hdf5-1814/bin:/opt/SalomeMeca/V2017.0.2/prerequisites/Cgnslib-3134/bin:/opt/SalomeMeca/V2017.0.2/prerequisites/Pygments-202/bin:/opt/SalomeMeca/V2017.0.2/prerequisites/Metis_aster-510_aster1:/opt/SalomeMeca/V2017.0.2/prerequisites/Metis-40/bin:/opt/SalomeMeca/V2017.0.2/tools/Code_aster_frontend-20170/bin:/opt/SalomeMeca/V2017.0.2/tools/Gibi-20008:/opt/SalomeMeca/V2017.0.2/prerequisites/Gmsh_bin-2120Linux64/bin:/opt/SalomeMeca/V2017.0.2/tools/Homard_aster-117_aster:/opt/SalomeMeca/V2017.0.2/tools/Medfichier-321/bin:/opt/SalomeMeca/V2017.0.2/prerequisites/Mercurial-261/bin:/opt/SalomeMeca/V2017.0.2/prerequisites/Mfront-TFEL300/bin:/opt/SalomeMeca/V2017.0.2/prerequisites/Mfront_stable-TFEL202/bin:/opt/SalomeMeca/V2017.0.2/tools/Miss3d-66_aster4:/opt/SalomeMeca/V2017.0.2/prerequisites/Numpy-192/bin:/opt/SalomeMeca/V2017.0.2/prerequisites/Scotch-5111/bin:/opt/SalomeMeca/V2017.0.2/prerequisites/Docutils-012/bin:/opt/SalomeMeca/V2017.0.2/prerequisites/Freetype-2411/bin:/opt/SalomeMeca/V2017.0.2/prerequisites/Graphviz-2380/bin:/opt/SalomeMeca/V2017.0.2/prerequisites/Cppunit-1132/bin:/opt/SalomeMeca/V2017.0.2/prerequisites/Libxml2-290/bin:/opt/SalomeMeca/V2017.0.2/prerequisites/Qt-5611/bin:/opt/SalomeMeca/V2017.0.2/prerequisites/Pyqt-560/bin:/opt/SalomeMeca/V2017.0.2/prerequisites/Paraview-v512_EDF/bin:/opt/SalomeMeca/V2017.0.2/tools/Medcoupling-V8_3_0/bin:/opt/SalomeMeca/V2017.0.2/prerequisites/Cython-0232/bin:/opt/SalomeMeca/V2017.0.2/prerequisites/Gmsh-2110/bin:/opt/SalomeMeca/V2017.0.2/prerequisites/Libxslt-1128/bin:/opt/SalomeMeca/V2017.0.2/prerequisites/Meshgems-245/bin/Linux_64:/usr/local/sbin:/usr/local/bin:/usr/sbin:/usr/bin:/sbin:/bin:/usr/games:/usr/local/games:/snap/bin
DESKTOP_SESSION=xubuntu
CSF_SALOMEDS_ResourcesDefaults=/home/caelinux/../../opt/SalomeMeca/appli_V2017.0.2/share/salome/resources/kernel
HYBRIDPLUGIN_ROOT_DIR=/home/caelinux/../../opt/SalomeMeca/appli_V2017.0.2
BOOSTDIR=/opt/SalomeMeca/V2017.0.2/prerequisites/Boost-1520
BLSURFPLUGIN_ROOT_DIR=/home/caelinux/../../opt/SalomeMeca/appli_V2017.0.2
HDF5_DISABLE_VERSION_CHECK=1
SALOME_NETGENPluginResources=/home/caelinux/../../opt/SalomeMeca/appli_V2017.0.2/share/salome/resources/netgenplugin
QT_IM_MODULE=
SMESH_ROOT_DIR=/home/caelinux/../../opt/SalomeMeca/appli_V2017.0.2
GHS3DPLUGIN_ROOT_DIR=/home/caelinux/../../opt/SalomeMeca/appli_V2017.0.2
PVHOME=/opt/SalomeMeca/V2017.0.2/prerequisites/Paraview-v512_EDF
_=/usr/bin/env
LC_IDENTIFICATION=de_CH.UTF-8
JOB=dbus
PWD=/tmp/salome_localres_workdir_caelinux/caelinux-caelinux-Don-10-204506.449
NUMPY_DIR=/opt/SalomeMeca/V2017.0.2/prerequisites/Numpy-192
HEXABLOCKPLUGIN_ROOT_DIR=/home/caelinux/../../opt/SalomeMeca/appli_V2017.0.2
XDG_SESSION_TYPE=x11
MESHGEMS_ROOT_DIR=/opt/SalomeMeca/V2017.0.2/prerequisites/Meshgems-245
DISABLE_FPE=1
XMODIFIERS=
MESHGEMSHOME=/opt/SalomeMeca/V2017.0.2/prerequisites/Meshgems-245
PYQT_SIPS=/opt/SalomeMeca/V2017.0.2/prerequisites/Pyqt-560/share/sip
SALOMEMECA_TRANSLATOR_ROOT_DIR=/opt/SalomeMeca/V2017.0.2/tools/Salomemeca_translator-20170
TFELHOME=/opt/SalomeMeca/V2017.0.2/prerequisites/Mfront-TFEL300
CSF_PluginDefaults=/opt/SalomeMeca/V2017.0.2/prerequisites/Occ-710p1/src/StdResource
LANG=en_US.UTF-8
MEDFICHIER_INSTALL_DIR=/opt/SalomeMeca/V2017.0.2/tools/Medfichier-321
NETGENHOME=/opt/SalomeMeca/V2017.0.2/tools/Netgen-531
GNOME_KEYRING_PID=
MED_ROOT_DIR=/home/caelinux/../../opt/SalomeMeca/appli_V2017.0.2
PYTHONSTARTUP=/opt/SalomeMeca/V2017.0.2/prerequisites/Python-2710/pythonrc.py
MANDATORY_PATH=/usr/share/gconf/xubuntu.mandatory.path
SALOME_HEXABLOCKPluginResources=/home/caelinux/../../opt/SalomeMeca/appli_V2017.0.2/share/salome/resources/hexablockplugin
LC_MEASUREMENT=de_CH.UTF-8
PV_PLUGIN_PATH=/opt/SalomeMeca/V2017.0.2/prerequisites/Paraview-v512_EDF/lib/paraview-5.1:/opt/SalomeMeca/V2017.0.2/modules/PARAVIS_V8_3_0/lib/paraview:/opt/SalomeMeca/V2017.0.2/tools/Paravisaddons-V8_3_0/lib:/home/caelinux/../../opt/SalomeMeca/appli_V2017.0.2/lib/paraview:/opt/SalomeMeca/V2017.0.2/prerequisites/Paraview-v512_EDF/lib/paraview-5.1:/opt/SalomeMeca/V2017.0.2/modules/PARAVIS_V8_3_0/lib/paraview:/opt/SalomeMeca/V2017.0.2/tools/Paravisaddons-V8_3_0/lib
CSF_ShHealingDefaults=/tmp/logs/caelinux/env_2810
HOMARD_EXE=homard
PYTHONHOME=/opt/SalomeMeca/V2017.0.2/prerequisites/Python-2710
IM_CONFIG_PHASE=1
SalomeAppConfig=/home/caelinux/../../opt/SalomeMeca/appli_V2017.0.2:/home/caelinux/../../opt/SalomeMeca/appli_V2017.0.2/share/salome/resources/gui:/opt/SalomeMeca/V2017.0.2/modules/ASTERSTUDY_201702/share/salome/resources/asterstudy:/home/caelinux/../../opt/SalomeMeca/appli_V2017.0.2/share/salome/resources/geom:/home/caelinux/../../opt/SalomeMeca/appli_V2017.0.2/share/salome/resources/smesh:/home/caelinux/../../opt/SalomeMeca/appli_V2017.0.2/share/salome/resources/paravis:/home/caelinux/../../opt/SalomeMeca/appli_V2017.0.2/share/salome/resources/med:/home/caelinux/../../opt/SalomeMeca/appli_V2017.0.2/share/salome/resources/yacs:/home/caelinux/../../opt/SalomeMeca/appli_V2017.0.2/share/salome/resources/jobmanager:/home/caelinux/../../opt/SalomeMeca/appli_V2017.0.2/share/salome/resources/homard:/home/caelinux/../../opt/SalomeMeca/appli_V2017.0.2/share/salome/resources/adao:/home/caelinux/../../opt/SalomeMeca/appli_V2017.0.2/share/salome/resources/eficas:/home/caelinux/../../opt/SalomeMeca/appli_V2017.0.2/share/salome/resources/hybridplugin:/home/caelinux/../../opt/SalomeMeca/appli_V2017.0.2/share/salome/resources/blsurfplugin:/home/caelinux/../../opt/SalomeMeca/appli_V2017.0.2/share/salome/resources/europlexus:/home/caelinux/../../opt/SalomeMeca/appli_V2017.0.2/share/salome/resources/hexoticplugin:/home/caelinux/../../opt/SalomeMeca/appli_V2017.0.2/share/salome/resources/netgenplugin:/home/caelinux/../../opt/SalomeMeca/appli_V2017.0.2/share/salome/resources/ghs3dplugin::
ASTER_ROOT_DIR=/home/caelinux/../../opt/SalomeMeca/appli_V2017.0.2
SALOMEMECA_PLUGINS_ROOT_DIR=/opt/SalomeMeca/V2017.0.2/tools/Salomemeca_plugins-20170_public
__place_holder__=0
GDMSESSION=xubuntu
GL2PS_INSTALL_DIR=/opt/SalomeMeca/V2017.0.2/prerequisites/Gl2ps-139svn20160620
METISDIR=/opt/SalomeMeca/V2017.0.2/prerequisites/Metis_aster-510_aster1,/opt/SalomeMeca/V2017.0.2/prerequisites/Metis-40
NSPORT=2810
SESSIONTYPE=
TKDIR=/opt/SalomeMeca/V2017.0.2/prerequisites/Tk-8513
SALOME_BATCH=0
WISHEXECUTABLE=/opt/SalomeMeca/V2017.0.2/prerequisites/Tk-8513/bin/wish8.5
PYQT_ROOT_DIR=/opt/SalomeMeca/V2017.0.2/prerequisites/Pyqt-560
ASTER_STABLE=/opt/SalomeMeca/V2017.0.2/tools/Code_aster_stable-v134_smeca
GENERICSOLVER_ROOT_DIR=/home/caelinux/../../opt/SalomeMeca/appli_V2017.0.2
HOME=/home/caelinux
SHLVL=3
XDG_SEAT=seat0
SALOME_BLSURFPluginResources=/home/caelinux/../../opt/SalomeMeca/appli_V2017.0.2/share/salome/resources/blsurfplugin
SALOME_PLUGINS_PATH=/opt/SalomeMeca/V2017.0.2/plugins:/opt/SalomeMeca/V2017.0.2/tools/Salomemeca_plugins-20170_public/lib/python2.7/site-packages/salome:/opt/SalomeMeca/V2017.0.2/tools/Salomemeca_mofem-20170/lib/python2.7/site-packages/salome:/opt/SalomeMeca/V2017.0.2/tools/Salomemeca_translator-20170/lib/python2.7/site-packages/salome:/opt/SalomeMeca/V2017.0.2/plugins:/opt/SalomeMeca/V2017.0.2/tools/Salomemeca_plugins-20170_public/lib/python2.7/site-packages/salome:/opt/SalomeMeca/V2017.0.2/tools/Salomemeca_mofem-20170/lib/python2.7/site-packages/salome:/opt/SalomeMeca/V2017.0.2/tools/Salomemeca_translator-20170/lib/python2.7/site-packages/salome
ZCRACKSHOME=/opt/SalomeMeca/V2017.0.2/prerequisites/Zcracks-287
SALOMEMECA_EXTRA_ROOT_DIR=/opt/SalomeMeca/V2017.0.2/tools/Salomemeca_extra-201702_public
MERCURIAL_ROOT_DIR=/opt/SalomeMeca/V2017.0.2/prerequisites/Mercurial-261
GEOM_ROOT_DIR=/home/caelinux/../../opt/SalomeMeca/appli_V2017.0.2
SALOME_trace=local
CSF_UnitsLexicon=/opt/SalomeMeca/V2017.0.2/prerequisites/Occ-710p1/src/UnitsAPI/Lexi_Expr.dat
LIBBATCH_NODEFILE=nodefile-immwzqRucv
GTK_OVERLAY_SCROLLING=0
UPSTART_INSTANCE=
OMNIORB_USER_PATH=/tmp
PYTHONPATH=/opt/SalomeMeca/V2017.0.2/tools/Code_aster_frontend-20170/lib/python2.7/site-packages:/home/caelinux/../../opt/SalomeMeca/appli_V2017.0.2/lib/python2.7/site-packages/salome/shared_modules:/home/caelinux/../../opt/SalomeMeca/appli_V2017.0.2/lib/python2.7/site-packages/salome:/home/caelinux/../../opt/SalomeMeca/appli_V2017.0.2/lib/salome:/home/caelinux/../../opt/SalomeMeca/appli_V2017.0.2/bin/salome:/opt/SalomeMeca/V2017.0.2/modules/ASTERSTUDY_201702/lib/python2.7/site-packages/asterstudy:/opt/SalomeMeca/V2017.0.2/modules/ASTERSTUDY_201702/lib/python2.7/site-packages/salome:/opt/SalomeMeca/V2017.0.2/modules/ASTERSTUDY_201702/lib/salome:/opt/SalomeMeca/V2017.0.2/modules/ASTERSTUDY_201702/bin/salome:/opt/SalomeMeca/V2017.0.2/modules/KERNEL_V8_3_0/bin/salome/appliskel:/opt/SalomeMeca/V2017.0.2/prerequisites/Python-2710/lib/python2.7/site-packages:/opt/SalomeMeca/V2017.0.2/prerequisites/Sip-418/lib/python2.7/site-packages:/opt/SalomeMeca/V2017.0.2/prerequisites/Omniorb-416/lib/python2.7/site-packages:/opt/SalomeMeca/V2017.0.2/prerequisites/Pygments-202/lib/python2.7/site-packages:/opt/SalomeMeca/V2017.0.2/tools/Code_aster_frontend-20170/lib/python2.7/site-packages:/opt/SalomeMeca/V2017.0.2/tools/Medfichier-321/lib/python2.7/site-packages:/opt/SalomeMeca/V2017.0.2/prerequisites/Mercurial-261/lib/python2.7/site-packages:/opt/SalomeMeca/V2017.0.2/prerequisites/Mfront-TFEL300/lib/python2.7/site-packages:/opt/SalomeMeca/V2017.0.2/prerequisites/Numpy-192/lib/python2.7/site-packages:/opt/SalomeMeca/V2017.0.2/tools/Salomemeca_pyutils-20170/lib/python2.7/site-packages:/opt/SalomeMeca/V2017.0.2/prerequisites/Docutils-012/lib/python2.7/site-packages:/opt/SalomeMeca/V2017.0.2/prerequisites/Omniorbpy-36/lib/python2.7/site-packages:/opt/SalomeMeca/V2017.0.2/prerequisites/Omniorbpy-36/lib/python2.7/site-packages/omniidl_be:/opt/SalomeMeca/V2017.0.2/tools/Libbatch-V2_3_1/lib/python2.7/site-packages:/opt/SalomeMeca/V2017.0.2/prerequisites/Libxml2-290/lib/python2.7/site-packages:/opt/SalomeMeca/V2017.0.2/prerequisites/Jinja-273/lib/python2.7/site-packages:/opt/SalomeMeca/V2017.0.2/prerequisites/Pyqt-560/lib/python2.7/site-packages:/opt/SalomeMeca/V2017.0.2/prerequisites/Matplotlib-143/lib/python2.7/site-packages:/opt/SalomeMeca/V2017.0.2/prerequisites/Paraview-v512_EDF/lib/paraview-5.1:/opt/SalomeMeca/V2017.0.2/prerequisites/Paraview-v512_EDF/lib/paraview-5.1/site-packages:/opt/SalomeMeca/V2017.0.2/prerequisites/Paraview-v512_EDF/lib/paraview-5.1/site-packages/vtk:/opt/SalomeMeca/V2017.0.2/prerequisites/Paraview-v512_EDF/lib/paraview-5.1/site-packages/paraview/vtk:/opt/SalomeMeca/V2017.0.2/prerequisites/Scipy-0151/lib/python2.7/site-packages:/opt/SalomeMeca/V2017.0.2/tools/Medcoupling-V8_3_0/lib/python2.7/site-packages:/opt/SalomeMeca/V2017.0.2/tools/Code_aster_frontend-20170/lib/python2.7/site-packages:/opt/SalomeMeca/V2017.0.2/modules/SMESH_V8_3_0/share/salome/plugins/smesh/Verima:/opt/SalomeMeca/V2017.0.2/prerequisites/Cython-0232/lib/python2.7/site-packages:/opt/SalomeMeca/V2017.0.2/prerequisites/H5py-250/lib/python2.7/site-packages:/opt/SalomeMeca/V2017.0.2/tools/Eficas_nouveau-V8_3_0:/opt/SalomeMeca/V2017.0.2/tools/Eficas_nouveau-V8_3_0/UiQT5:/opt/SalomeMeca/V2017.0.2/tools/Eficas_nouveau-V8_3_0/Editeur:/opt/SalomeMeca/V2017.0.2/prerequisites/Pkgconfig-110/lib/python2.7/site-packages:/opt/SalomeMeca/V2017.0.2/tools/Salomemeca_plugins-20170_public/lib/python2.7/site-packages/salome:/opt/SalomeMeca/V2017.0.2/tools/Salomemeca_plugins-20170_public/lib/python2.7/site-packages/salome/CF:/opt/SalomeMeca/V2017.0.2/tools/Salomemeca_mofem-20170/lib/python2.7/site-packages/salome:/opt/SalomeMeca/V2017.0.2/tools/Salomemeca_translator-20170/lib/python2.7/site-packages/salome:/opt/SalomeMeca/V2017.0.2/prerequisites/Lxml-340/lib/python2.7/site-packages:/tmp/salome_localres_workdir_caelinux/caelinux-caelinux-Don-10-204506.449:/opt/SalomeMeca/V2017.0.2/prerequisites/Python-2710/lib/python2.7/site-packages:/opt/SalomeMeca/V2017.0.2/prerequisites/Sip-418/lib/python2.7/site-packages:/opt/SalomeMeca/V2017.0.2/prerequisites/Omniorb-416/lib/python2.7/site-packages:/opt/SalomeMeca/V2017.0.2/prerequisites/Pygments-202/lib/python2.7/site-packages:/opt/SalomeMeca/V2017.0.2/tools/Code_aster_frontend-20170/lib/python2.7/site-packages:/opt/SalomeMeca/V2017.0.2/tools/Medfichier-321/lib/python2.7/site-packages:/opt/SalomeMeca/V2017.0.2/prerequisites/Mercurial-261/lib/python2.7/site-packages:/opt/SalomeMeca/V2017.0.2/prerequisites/Mfront-TFEL300/lib/python2.7/site-packages:/opt/SalomeMeca/V2017.0.2/prerequisites/Numpy-192/lib/python2.7/site-packages:/opt/SalomeMeca/V2017.0.2/tools/Salomemeca_pyutils-20170/lib/python2.7/site-packages:/opt/SalomeMeca/V2017.0.2/prerequisites/Docutils-012/lib/python2.7/site-packages:/opt/SalomeMeca/V2017.0.2/prerequisites/Omniorbpy-36/lib/python2.7/site-packages:/opt/SalomeMeca/V2017.0.2/prerequisites/Omniorbpy-36/lib/python2.7/site-packages/omniidl_be:/opt/SalomeMeca/V2017.0.2/tools/Libbatch-V2_3_1/lib/python2.7/site-packages:/opt/SalomeMeca/V2017.0.2/prerequisites/Libxml2-290/lib/python2.7/site-packages:/opt/SalomeMeca/V2017.0.2/prerequisites/Jinja-273/lib/python2.7/site-packages:/opt/SalomeMeca/V2017.0.2/prerequisites/Pyqt-560/lib/python2.7/site-packages:/opt/SalomeMeca/V2017.0.2/prerequisites/Matplotlib-143/lib/python2.7/site-packages:/opt/SalomeMeca/V2017.0.2/prerequisites/Paraview-v512_EDF/lib/paraview-5.1:/opt/SalomeMeca/V2017.0.2/prerequisites/Paraview-v512_EDF/lib/paraview-5.1/site-packages:/opt/SalomeMeca/V2017.0.2/prerequisites/Paraview-v512_EDF/lib/paraview-5.1/site-packages/vtk:/opt/SalomeMeca/V2017.0.2/prerequisites/Paraview-v512_EDF/lib/paraview-5.1/site-packages/paraview/vtk:/opt/SalomeMeca/V2017.0.2/prerequisites/Scipy-0151/lib/python2.7/site-packages:/opt/SalomeMeca/V2017.0.2/tools/Medcoupling-V8_3_0/lib/python2.7/site-packages:/opt/SalomeMeca/V2017.0.2/tools/Code_aster_frontend-20170/lib/python2.7/site-packages:/opt/SalomeMeca/V2017.0.2/modules/SMESH_V8_3_0/share/salome/plugins/smesh/Verima:/opt/SalomeMeca/V2017.0.2/prerequisites/Cython-0232/lib/python2.7/site-packages:/opt/SalomeMeca/V2017.0.2/prerequisites/H5py-250/lib/python2.7/site-packages:/opt/SalomeMeca/V2017.0.2/tools/Eficas_nouveau-V8_3_0:/opt/SalomeMeca/V2017.0.2/tools/Eficas_nouveau-V8_3_0/UiQT5:/opt/SalomeMeca/V2017.0.2/tools/Eficas_nouveau-V8_3_0/Editeur:/opt/SalomeMeca/V2017.0.2/prerequisites/Pkgconfig-110/lib/python2.7/site-packages:/opt/SalomeMeca/V2017.0.2/tools/Salomemeca_plugins-20170_public/lib/python2.7/site-packages/salome:/opt/SalomeMeca/V2017.0.2/tools/Salomemeca_plugins-20170_public/lib/python2.7/site-packages/salome/CF:/opt/SalomeMeca/V2017.0.2/tools/Salomemeca_mofem-20170/lib/python2.7/site-packages/salome:/opt/SalomeMeca/V2017.0.2/tools/Salomemeca_translator-20170/lib/python2.7/site-packages/salome:/opt/SalomeMeca/V2017.0.2/prerequisites/Lxml-340/lib/python2.7/site-packages
UPSTART_EVENTS=started xsession
XDG_SESSION_DESKTOP=xubuntu
LOGNAME=caelinux
BOOST_ROOT=/opt/SalomeMeca/V2017.0.2/prerequisites/Boost-1520
ASTER_TMPDIR=/tmp
DSCCODE_ROOT_DIR=/home/caelinux/../../opt/SalomeMeca/appli_V2017.0.2
QWT_INCLUDES=/opt/SalomeMeca/V2017.0.2/prerequisites/Qwt-612/include
ABSOLUTE_APPLI_PATH=/home/caelinux/../../opt/SalomeMeca/appli_V2017.0.2
SALOMEPATH=/opt/SalomeMeca/V2017.0.2/modules/ASTERSTUDY_201702:/home/caelinux/../../opt/SalomeMeca/appli_V2017.0.2
EFICAS_ROOT=/opt/SalomeMeca/V2017.0.2/tools/Eficas_nouveau-V8_3_0
XDG_DATA_DIRS=/usr/share/xubuntu:/usr/share/xfce4:/usr/local/share:/usr/share:/var/lib/snapd/desktop:/var/lib/snapd/desktop:/usr/share
DBUS_SESSION_BUS_ADDRESS=unix:abstract=/tmp/dbus-N5AqBLndZD
QT4_IM_MODULE=
ECREVISSE_ROOT_DIR=/opt/SalomeMeca/V2017.0.2/tools/Ecrevisse-322
MODULES_ROOT_DIR=/opt/SalomeMeca/V2017.0.2/modules
SALOME_StdMeshersResources=/home/caelinux/../../opt/SalomeMeca/appli_V2017.0.2/share/salome/resources/smesh
PV_MACRO_PATH=/home/caelinux/.config/salome/Macros
GUI_ROOT_DIR=/home/caelinux/../../opt/SalomeMeca/appli_V2017.0.2
SMESH_MeshersList=StdMeshers:HexoticPLUGIN:NETGENPlugin:BLSURFPlugin:HEXABLOCKPlugin:GHS3DPlugin:HYBRIDPlugin
OPENTURNS_MODULE_CONF_FILE=/opt/SalomeMeca/V2017.0.2/tools/Salomemeca_extra-201702_public/custom/config_file_template.py
VTK_AUTOLOAD_PATH=/home/caelinux/../../opt/SalomeMeca/appli_V2017.0.2/lib/paraview
UPSTART_JOB=startxfce4
INSTANCE=
LIBXSLT_ROOT_DIR=/opt/SalomeMeca/V2017.0.2/prerequisites/Libxslt-1128
DISPLAY=:0.0
XDG_RUNTIME_DIR=/run/user/990
LXML_ROOT_DIR=/opt/SalomeMeca/V2017.0.2/prerequisites/Lxml-340
QT_PLUGIN_PATH=
LAPACKDIR=/opt/SalomeMeca/V2017.0.2/prerequisites/Lapack-350
GLADE_CATALOG_PATH=:
OMNIORBPY_DIR=/opt/SalomeMeca/V2017.0.2/prerequisites/Omniorbpy-36
GIBI_DIR=/opt/SalomeMeca/V2017.0.2/tools/Gibi-20008
CSF_MDTVTexturesDirectory=/opt/SalomeMeca/V2017.0.2/prerequisites/Occ-710p1/src/Textures
XDG_CURRENT_DESKTOP=XFCE
GTK_IM_MODULE=
CSF_GEOMDS_ResourcesDefaults=/tmp/logs/caelinux/env_2810
MED3HOME=/opt/SalomeMeca/V2017.0.2/tools/Medfichier-321
LC_TIME=de_CH.UTF-8
ASTER_ETC=/opt/SalomeMeca/V2017.0.2/tools/Code_aster_frontend-20170/etc
OMNIORB_DIR=/opt/SalomeMeca/V2017.0.2/prerequisites/Omniorb-416
MATPLOTLIB_HOME=/opt/SalomeMeca/V2017.0.2/prerequisites/Matplotlib-143
PYTHON_INCLUDE=/opt/SalomeMeca/V2017.0.2/prerequisites/Python-2710/include/python2.7
CSF_SHMessage=/opt/SalomeMeca/V2017.0.2/prerequisites/Occ-710p1/src/SHMessage
LC_NAME=de_CH.UTF-8
XAUTHORITY=/home/caelinux/.Xauthority


>>> 2019/01/10-20:45:07.980  [Shell@/opt/SalomeMeca/V2017.0.2/tools/Code_aster_frontend-20170/lib/python2.7/site-packages/asrun/system.py:517]
remote command ( <> caelinux and caelinux <> caelinux) ? False

>>> 2019/01/10-20:45:07.980  [AddToEnv@/opt/SalomeMeca/V2017.0.2/tools/Code_aster_frontend-20170/lib/python2.7/site-packages/asrun/system.py:808]
cmd :
bash -c ". /opt/SalomeMeca/V2017.0.2/tools/Code_aster_frontend-20170/../Code_aster_stable-v134_smeca/share/aster/profile.sh && env"
background : False
follow_output : False

>>> 2019/01/10-20:45:07.994  [AddToEnv@/opt/SalomeMeca/V2017.0.2/tools/Code_aster_frontend-20170/lib/python2.7/site-packages/asrun/system.py:809]
env_prof
LC_PAPER=de_CH.UTF-8
XDG_VTNR=7
JOBMANAGER_ROOT_DIR=/home/caelinux/../../opt/SalomeMeca/appli_V2017.0.2
CSF_XmlOcafResource=/opt/SalomeMeca/V2017.0.2/prerequisites/Occ-710p1/src/XmlOcafResource
SALOME_HexoticPLUGINResources=/home/caelinux/../../opt/SalomeMeca/appli_V2017.0.2/share/salome/resources/hexoticplugin
HOMARD_ROOT_DIR=/home/caelinux/../../opt/SalomeMeca/appli_V2017.0.2
LC_ADDRESS=de_CH.UTF-8
XDG_SESSION_ID=c1
EFICAS_NOUVEAU_ROOT=/opt/SalomeMeca/V2017.0.2/tools/Eficas_nouveau-V8_3_0
CLUTTER_IM_MODULE=
XDG_GREETER_DATA_DIR=/var/lib/lightdm-data/caelinux
EUROPLEXUS_ROOT_DIR=/home/caelinux/../../opt/SalomeMeca/appli_V2017.0.2
LRELEASE=/opt/SalomeMeca/V2017.0.2/prerequisites/Qt-5611/bin/lrelease
LC_MONETARY=de_CH.UTF-8
OMNIORB_USERS_PATH=/tmp
ASTER_ROOT=/opt/SalomeMeca/V2017.0.2/tools/Code_aster_frontend-20170
QT_STYLE_OVERRIDE=gtk
ASTER_VERSION_DIR=/opt/SalomeMeca/V2017.0.2/tools/Code_aster_frontend-20170/../Code_aster_stable-v134_smeca/share/aster
SESSION=xubuntu
ADD_TO_QT_PLUGIN_PATH=/opt/SalomeMeca/V2017.0.2/prerequisites/Qt-5611/plugins
SALOMEMECA_MOFEM_ROOT_DIR=/opt/SalomeMeca/V2017.0.2/tools/Salomemeca_mofem-20170
GLADE_PIXMAP_PATH=:
QWTHOME=/opt/SalomeMeca/V2017.0.2/prerequisites/Qwt-612
FREETYPE_ROOT=/opt/SalomeMeca/V2017.0.2/prerequisites/Freetype-2411
SHELL=/bin/bash
CSF_StandardDefaults=/opt/SalomeMeca/V2017.0.2/prerequisites/Occ-710p1/src/StdResource
XDG_MENU_PREFIX=xfce-
TCLDIR=/opt/SalomeMeca/V2017.0.2/prerequisites/Tcl-8513
PARAVIS_ROOT_DIR=/home/caelinux/../../opt/SalomeMeca/appli_V2017.0.2
NSHOST=caelinux
PYGMENTS_HOME=/opt/SalomeMeca/V2017.0.2/prerequisites/Pygments-202
TOOLS_ROOT_DIR=/opt/SalomeMeca/V2017.0.2/tools
DOCUTILS_ROOT_DIR=/opt/SalomeMeca/V2017.0.2/prerequisites/Docutils-012
QT_QPA_PLATFORM_PLUGIN_PATH=/opt/SalomeMeca/V2017.0.2/prerequisites/Qt-5611/plugins/platforms
LIBXML_DIR=/opt/SalomeMeca/V2017.0.2/prerequisites/Libxml2-290
GEOM_PluginsList=BREPPlugin:STEPPlugin:IGESPlugin:STLPlugin:XAOPlugin:VTKPlugin:AdvancedGEOM
QT_LINUX_ACCESSIBILITY_ALWAYS_ON=1
CSF_XSMessage=/opt/SalomeMeca/V2017.0.2/prerequisites/Occ-710p1/src/XSMessage
PYUIC=/opt/SalomeMeca/V2017.0.2/prerequisites/Pyqt-560/bin/pyuic5
GRAPHVIZHOME=/opt/SalomeMeca/V2017.0.2/prerequisites/Graphviz-2380
MEDCOUPLING_ROOT_DIR=/opt/SalomeMeca/V2017.0.2/tools/Medcoupling-V8_3_0
HOMARD_REP_EXE=/opt/SalomeMeca/V2017.0.2/tools/Homard_tool-118
CYTHON_ROOT_DIR=/opt/SalomeMeca/V2017.0.2/prerequisites/Cython-0232
PVVERSION=5.1
KERNEL_ROOT_DIR=/home/caelinux/../../opt/SalomeMeca/appli_V2017.0.2
HOMARD_ASTER_ROOT_DIR=/opt/SalomeMeca/V2017.0.2/tools/Homard_aster-117_aster
LC_NUMERIC=C
TK_LIBRARY=/opt/SalomeMeca/V2017.0.2/prerequisites/Tk-8513/lib/tk8.5
SALOME_GHS3DPluginResources=/home/caelinux/../../opt/SalomeMeca/appli_V2017.0.2/share/salome/resources/ghs3dplugin
YACS_ROOT_DIR=/home/caelinux/../../opt/SalomeMeca/appli_V2017.0.2
SUITRoot=/home/caelinux/../../opt/SalomeMeca/appli_V2017.0.2/share/salome
ASTER_ELEMENTSDIR=/opt/SalomeMeca/V2017.0.2/tools/Code_aster_stable-v134_smeca/lib/aster
UPSTART_SESSION=unix:abstract=/com/ubuntu/upstart-session/990/1780
PARAVISADDONS_ROOT_DIR=/opt/SalomeMeca/V2017.0.2/tools/Paravisaddons-V8_3_0
GNOME_KEYRING_CONTROL=
DATA_DIR=/opt/SalomeMeca/V2017.0.2/modules/SAMPLES_V8_3_0
APPLI=../../opt/SalomeMeca/appli_V2017.0.2
PREFS_CATA_CF=/opt/SalomeMeca/V2017.0.2/tools/Salomemeca_plugins-20170_public/lib/python2.7/site-packages/salome/CF
QTDIR=/opt/SalomeMeca/V2017.0.2/prerequisites/Qt-5611
FREEIMAGE_ROOT=/opt/SalomeMeca/V2017.0.2/prerequisites/Freeimage-3160p1
MISS3D_DIR=/opt/SalomeMeca/V2017.0.2/tools/Miss3d-66_aster4
HDF5HOME=/opt/SalomeMeca/V2017.0.2/prerequisites/Hdf5-1814
ADAO_ROOT_DIR=/home/caelinux/../../opt/SalomeMeca/appli_V2017.0.2
CSF_SHMessageStd=/opt/SalomeMeca/V2017.0.2/prerequisites/Occ-710p1/src/SHMessageStd
PYTHONEXECUTABLE=/opt/SalomeMeca/V2017.0.2/prerequisites/Python-2710/bin/python
SALOME_HYBRIDPluginResources=/home/caelinux/../../opt/SalomeMeca/appli_V2017.0.2/share/salome/resources/hybridplugin
ASTER_OLDSTABLE=/opt/SalomeMeca/V2017.0.2/tools/Code_aster_oldstable-1280
SIP_ROOT_DIR=/opt/SalomeMeca/V2017.0.2/prerequisites/Sip-418
GMSH_DIR=/opt/SalomeMeca/V2017.0.2/prerequisites/Gmsh-2110
USER=caelinux
ROOT_SALOME=/opt/SalomeMeca/V2017.0.2
CSF_StandardLiteDefaults=/opt/SalomeMeca/V2017.0.2/prerequisites/Occ-710p1/src/StdResource
CGNSHOME=/opt/SalomeMeca/V2017.0.2/prerequisites/Cgnslib-3134
QT_ACCESSIBILITY=1
LC_TELEPHONE=de_CH.UTF-8
CLUTTER_BACKEND=x11
HEXABLOCK_ROOT_DIR=/home/caelinux/../../opt/SalomeMeca/appli_V2017.0.2
LD_LIBRARY_PATH=/opt/SalomeMeca/V2017.0.2/tools/Code_aster_frontend-20170/../Code_aster_stable-v134_smeca/share/aster/lib:/opt/SalomeMeca/V2017.0.2/prerequisites/Hdf5-1814/lib:/opt/SalomeMeca/V2017.0.2/prerequisites/Lapack-350/lib:/opt/SalomeMeca/V2017.0.2/tools/Medfichier-321/lib:/opt/SalomeMeca/V2017.0.2/prerequisites/Metis_aster-510_aster1/lib:/opt/SalomeMeca/V2017.0.2/prerequisites/Mfront-TFEL300/lib:/opt/SalomeMeca/V2017.0.2/prerequisites/Mumps-511_aster2/SEQ/lib:/opt/SalomeMeca/V2017.0.2/prerequisites/Mumps-511_aster2/SEQ/libseq:/opt/SalomeMeca/V2017.0.2/prerequisites/Python-2710/lib:/opt/SalomeMeca/V2017.0.2/prerequisites/Scotch_aster-604_aster6/SEQ/lib:/opt/SalomeMeca/V2017.0.2/tools/Code_aster_stable-v134_smeca/lib:/home/A21173/smeca/yamm_build/V2017_0_2_build/V2017_public/modules/install/HOMARD_V8_3_0/lib/salome:/home/A21173/smeca/yamm_build/V2017_0_2_build/V2017_public/modules/install/BLSURFPLUGIN_V8_3_0/lib/salome:/home/A21173/smeca/yamm_build/V2017_0_2_build/V2017_public/modules/install/GENERICSOLVER_V8_3_0/lib/salome:/home/A21173/smeca/yamm_build/V2017_0_2_build/V2017_public/modules/install/HYBRIDPLUGIN_V8_3_0/lib/salome:/home/A21173/smeca/yamm_build/V2017_0_2_build/V2017_public/modules/install/YACS_V8_3_0/lib/salome:/home/A21173/smeca/yamm_build/V2017_0_2_build/V2017_public/modules/install/HEXABLOCKPLUGIN_V8_3_0/lib/salome:/home/A21173/smeca/yamm_build/V2017_0_2_build/V2017_public/modules/install/HEXABLOCK_V8_3_0/lib/salome:/home/A21173/smeca/yamm_build/V2017_0_2_build/V2017_public/modules/install/PARAVIS_V8_3_0/lib/salome:/home/A21173/smeca/yamm_build/V2017_0_2_build/V2017_public/modules/install/SMESH_V8_3_0/lib/salome:/home/A21173/smeca/yamm_build/V2017_0_2_build/V2017_public/modules/install/MED_V8_3_0/lib/salome:/home/A21173/smeca/yamm_build/V2017_0_2_build/V2017_public/modules/install/GEOM_V8_3_0/lib/salome:/home/A21173/smeca/yamm_build/V2017_0_2_build/V2017_public/modules/install/ASTERSTUDY_edf_default/lib/salome:/home/A21173/smeca/yamm_build/V2017_0_2_build/V2017_public/modules/install/GUI_V8_3_asterstudy/lib/salome:/home/A21173/smeca/yamm_build/V2017_0_2_build/V2017_public/modules/install/KERNEL_V8_3_0/lib/salome:/home/A21173/smeca/yamm_build/V2017_0_2_build/V2017_public/tools/install/Paravisaddons-V8_3_0-cm362-pv512/lib:/home/A21173/smeca/yamm_build/V2017_0_2_build/V2017_public/tools/install/Netgen-531-occ710p1-tcl8513-tix843-tk8513-togl17/lib:/home/A21173/smeca/yamm_build/V2017_0_2_build/prerequisites/install/Meshgems-245/lib/Linux_64:/home/A21173/smeca/yamm_build/V2017_0_2_build/prerequisites/install/Libxslt-1128-xml290/lib:/home/A21173/smeca/yamm_build/V2017_0_2_build/prerequisites/install/Gmsh-2110-cm362-la350-occ710p1-tbb424/lib:/home/A21173/smeca/yamm_build/V2017_0_2_build/prerequisites/install/Opencv-231-cm362-py2710-tbb424/lib:/home/A21173/smeca/yamm_build/V2017_0_2_build/V2017_public/tools/install/Medcoupling-V8_3_0/lib:/home/A21173/smeca/yamm_build/V2017_0_2_build/prerequisites/install/Qwt-612-qt561/lib:/home/A21173/smeca/yamm_build/V2017_0_2_build/prerequisites/install/Paraview-v512_EDF-cm362-dox1831-gl2ps139-gr2380-hd1814-xml2290-py2710-qt561/lib/paraview-5.1:/home/A21173/smeca/yamm_build/V2017_0_2_build/prerequisites/install/Qt-5611/lib:/home/A21173/smeca/yamm_build/V2017_0_2_build/prerequisites/install/Occ-710p1-freeimg3160-freetp2411-gl2ps139-tbb424/lib:/home/A21173/smeca/yamm_build/V2017_0_2_build/prerequisites/install/Tbb-424/lib:/home/A21173/smeca/yamm_build/V2017_0_2_build/prerequisites/install/Freeimage-3160p1/lib:/home/A21173/smeca/yamm_build/V2017_0_2_build/prerequisites/install/Libxml2-290-py2710/lib:/home/A21173/smeca/yamm_build/V2017_0_2_build/V2017_public/tools/install/Libbatch-V2_3_1-cm362-py2710-sw208/lib:/home/A21173/smeca/yamm_build/V2017_0_2_build/prerequisites/install/Cppunit-1132/lib:/home/A21173/smeca/yamm_build/V2017_0_2_build/prerequisites/install/Gl2ps-139svn20160620EDFp1-cm362/lib:/home/A21173/smeca/yamm_build/V2017_0_2_build/prerequisites/install/Graphviz-2380/lib/graphviz:/home/A21173/smeca/yamm_build/V2017_0_2_build/prerequisites/install/Graphviz-2380/lib:/home/A21173/smeca/yamm_build/V2017_0_2_build/prerequisites/install/Boost-1520-py2710/lib:/home/A21173/smeca/yamm_build/V2017_0_2_build/prerequisites/install/Freetype-2411/lib:/home/A21173/smeca/yamm_build/V2017_0_2_build/prerequisites/install/Mumps4-4100_aster3/SEQ/lib:/home/A21173/smeca/yamm_build/V2017_0_2_build/prerequisites/install/Mfront_stable-TFEL202/lib:/home/A21173/smeca/yamm_build/V2017_0_2_build/prerequisites/install/Metis-40EDFp1/Lib:/opt/SalomeMeca/V2017.0.2/tools/Code_aster_frontend-20170/lib:/opt/SalomeMeca/V2017.0.2/prerequisites/Tcl-8513/lib/Togl1.7:/home/A21173/smeca/yamm_build/V2017_0_2_build/prerequisites/install/Cgnslib-3134-cm362-hd1814/lib:/home/A21173/smeca/yamm_build/V2017_0_2_build/prerequisites/install/Omniorb-416-py2710/lib:/opt/SalomeMeca/V2017.0.2/prerequisites/Tcl-8513/lib/Tix8.4.3:/home/A21173/smeca/yamm_build/V2017_0_2_build/prerequisites/install/Sip-418-py2710/lib/python2.7/site-packages:/opt/SalomeMeca/V2017.0.2/prerequisites/Tk-8513/lib:/opt/SalomeMeca/V2017.0.2/prerequisites/Tcl-8513/lib:/opt/SalomeMeca/V2017.0.2/tools/Code_aster_stable-v134_smeca/lib/aster:/opt/OpenBLAS-0.2.20/lib/:/opt/SalomeMeca/V2017.0.2/prerequisites/Python-2710/lib:/home/caelinux/../../opt/SalomeMeca/appli_V2017.0.2/lib/salome:/opt/SalomeMeca/V2017.0.2/modules/ASTERSTUDY_201702/lib/salome:/opt/SalomeMeca/V2017.0.2/prerequisites/Tcl-8513/lib:/opt/SalomeMeca/V2017.0.2/prerequisites/Tk-8513/lib:/opt/SalomeMeca/V2017.0.2/prerequisites/Python-2710/lib:/opt/SalomeMeca/V2017.0.2/prerequisites/Sip-418/lib/python2.7/site-packages:/opt/SalomeMeca/V2017.0.2/prerequisites/Tcl-8513/lib/Tix8.4.3:/opt/SalomeMeca/V2017.0.2/prerequisites/Omniorb-416/lib:/opt/SalomeMeca/V2017.0.2/prerequisites/Hdf5-1814/lib:/opt/SalomeMeca/V2017.0.2/prerequisites/Cgnslib-3134/lib:/opt/SalomeMeca/V2017.0.2/prerequisites/Tcl-8513/lib/Togl1.7:/opt/SalomeMeca/V2017.0.2/prerequisites/Metis_aster-510_aster1:/opt/SalomeMeca/V2017.0.2/prerequisites/Metis-40/lib:/opt/SalomeMeca/V2017.0.2/tools/Code_aster_frontend-20170/lib:/opt/SalomeMeca/V2017.0.2/prerequisites/Lapack-350/lib:/opt/SalomeMeca/V2017.0.2/tools/Medfichier-321/lib:/opt/SalomeMeca/V2017.0.2/prerequisites/Metis_aster-510_aster1:/opt/SalomeMeca/V2017.0.2/prerequisites/Metis-40/Lib:/opt/SalomeMeca/V2017.0.2/prerequisites/Mfront-TFEL300/lib:/opt/SalomeMeca/V2017.0.2/prerequisites/Mfront_stable-TFEL202/lib:/opt/SalomeMeca/V2017.0.2/prerequisites/Mumps4-4100_aster3/SEQ/lib:/usr/lib/atlas-base/atlas:/opt/SalomeMeca/V2017.0.2/tools/Code_aster_oldstable-1280/lib/aster:/opt/SalomeMeca/V2017.0.2/prerequisites/Freetype-2411/lib:/opt/SalomeMeca/V2017.0.2/prerequisites/Boost-1520/lib:/opt/SalomeMeca/V2017.0.2/prerequisites/Graphviz-2380/lib/graphviz:/opt/SalomeMeca/V2017.0.2/prerequisites/Graphviz-2380/lib:/opt/SalomeMeca/V2017.0.2/prerequisites/Gl2ps-139svn20160620/lib:/opt/SalomeMeca/V2017.0.2/prerequisites/Cppunit-1132/lib:/opt/SalomeMeca/V2017.0.2/tools/Libbatch-V2_3_1/lib:/opt/SalomeMeca/V2017.0.2/prerequisites/Libxml2-290/lib:/opt/SalomeMeca/V2017.0.2/prerequisites/Freeimage-3160p1/lib:/opt/SalomeMeca/V2017.0.2/prerequisites/Tbb-424/lib:/opt/SalomeMeca/V2017.0.2/prerequisites/Occ-710p1/lib:/opt/SalomeMeca/V2017.0.2/prerequisites/Qt-5611/lib:/opt/SalomeMeca/V2017.0.2/prerequisites/Paraview-v512_EDF/lib/paraview-5.1:/opt/SalomeMeca/V2017.0.2/prerequisites/Qwt-612/lib:/opt/SalomeMeca/V2017.0.2/tools/Medcoupling-V8_3_0/lib:/opt/SalomeMeca/V2017.0.2/prerequisites/Opencv-231/lib:/opt/SalomeMeca/V2017.0.2/prerequisites/Gmsh-2110/lib:/opt/SalomeMeca/V2017.0.2/prerequisites/Libxslt-1128/lib:/opt/SalomeMeca/V2017.0.2/prerequisites/Meshgems-245/lib/Linux_64:/opt/SalomeMeca/V2017.0.2/tools/Netgen-531/lib:/opt/SalomeMeca/V2017.0.2/tools/Paravisaddons-V8_3_0/lib:/opt/SalomeMeca/V2017.0.2/prerequisites/Mumps-511_aster2/SEQ/lib:/usr/lib/atlas-base/atlas:/opt/SalomeMeca/V2017.0.2/tools/Code_aster_stable-v134_smeca/lib/aster:/opt/SalomeMeca/V2017.0.2/prerequisites/debianForSalome/lib:/lib64:/opt/SalomeMeca/V2017.0.2/prerequisites/Tcl-8513/lib:/opt/SalomeMeca/V2017.0.2/prerequisites/Tk-8513/lib:/opt/SalomeMeca/V2017.0.2/prerequisites/Python-2710/lib:/opt/SalomeMeca/V2017.0.2/prerequisites/Sip-418/lib/python2.7/site-packages:/opt/SalomeMeca/V2017.0.2/prerequisites/Tcl-8513/lib/Tix8.4.3:/opt/SalomeMeca/V2017.0.2/prerequisites/Omniorb-416/lib:/opt/SalomeMeca/V2017.0.2/prerequisites/Hdf5-1814/lib:/opt/SalomeMeca/V2017.0.2/prerequisites/Cgnslib-3134/lib:/opt/SalomeMeca/V2017.0.2/prerequisites/Tcl-8513/lib/Togl1.7:/opt/SalomeMeca/V2017.0.2/prerequisites/Metis_aster-510_aster1:/opt/SalomeMeca/V2017.0.2/prerequisites/Metis-40/lib:/opt/SalomeMeca/V2017.0.2/tools/Code_aster_frontend-20170/lib:/opt/SalomeMeca/V2017.0.2/prerequisites/Lapack-350/lib:/opt/SalomeMeca/V2017.0.2/tools/Medfichier-321/lib:/opt/SalomeMeca/V2017.0.2/prerequisites/Metis_aster-510_aster1:/opt/SalomeMeca/V2017.0.2/prerequisites/Metis-40/Lib:/opt/SalomeMeca/V2017.0.2/prerequisites/Mfront-TFEL300/lib:/opt/SalomeMeca/V2017.0.2/prerequisites/Mfront_stable-TFEL202/lib:/opt/SalomeMeca/V2017.0.2/prerequisites/Mumps4-4100_aster3/SEQ/lib:/usr/lib/atlas-base/atlas:/opt/SalomeMeca/V2017.0.2/tools/Code_aster_oldstable-1280/lib/aster:/opt/SalomeMeca/V2017.0.2/prerequisites/Freetype-2411/lib:/opt/SalomeMeca/V2017.0.2/prerequisites/Boost-1520/lib:/opt/SalomeMeca/V2017.0.2/prerequisites/Graphviz-2380/lib/graphviz:/opt/SalomeMeca/V2017.0.2/prerequisites/Graphviz-2380/lib:/opt/SalomeMeca/V2017.0.2/prerequisites/Gl2ps-139svn20160620/lib:/opt/SalomeMeca/V2017.0.2/prerequisites/Cppunit-1132/lib:/opt/SalomeMeca/V2017.0.2/tools/Libbatch-V2_3_1/lib:/opt/SalomeMeca/V2017.0.2/prerequisites/Libxml2-290/lib:/opt/SalomeMeca/V2017.0.2/prerequisites/Freeimage-3160p1/lib:/opt/SalomeMeca/V2017.0.2/prerequisites/Tbb-424/lib:/opt/SalomeMeca/V2017.0.2/prerequisites/Occ-710p1/lib:/opt/SalomeMeca/V2017.0.2/prerequisites/Qt-5611/lib:/opt/SalomeMeca/V2017.0.2/prerequisites/Paraview-v512_EDF/lib/paraview-5.1:/opt/SalomeMeca/V2017.0.2/prerequisites/Qwt-612/lib:/opt/SalomeMeca/V2017.0.2/tools/Medcoupling-V8_3_0/lib:/opt/SalomeMeca/V2017.0.2/prerequisites/Opencv-231/lib:/opt/SalomeMeca/V2017.0.2/prerequisites/Gmsh-2110/lib:/opt/SalomeMeca/V2017.0.2/prerequisites/Libxslt-1128/lib:/opt/SalomeMeca/V2017.0.2/prerequisites/Meshgems-245/lib/Linux_64:/opt/SalomeMeca/V2017.0.2/tools/Netgen-531/lib:/opt/SalomeMeca/V2017.0.2/tools/Paravisaddons-V8_3_0/lib:/opt/SalomeMeca/V2017.0.2/prerequisites/Mumps-511_aster2/SEQ/lib:/usr/lib/atlas-base/atlas:/opt/SalomeMeca/V2017.0.2/tools/Code_aster_stable-v134_smeca/lib/aster:/opt/SalomeMeca/V2017.0.2/prerequisites/debianForSalome/lib:/lib64
ASTERSTUDY_ROOT_DIR=/opt/SalomeMeca/V2017.0.2/modules/ASTERSTUDY_201702
OMNIORB_CONFIG=/tmp/.omniORB_caelinux_last.cfg
CASROOT=/opt/SalomeMeca/V2017.0.2/prerequisites/Occ-710p1
ECREVISSE_OLD_ROOT_DIR=/opt/SalomeMeca/V2017.0.2/tools/Ecrevisse_old-321
XDG_SESSION_PATH=/org/freedesktop/DisplayManager/Session0
GLADE_MODULE_PATH=:
CPPUNIT_ROOT=/opt/SalomeMeca/V2017.0.2/prerequisites/Cppunit-1132
SMESH_DIR=/opt/SalomeMeca/V2017.0.2/modules/SMESH_V8_3_0
SALOMEMECA_PYUTILS_ROOT_DIR=/opt/SalomeMeca/V2017.0.2/tools/Salomemeca_pyutils-20170
TCL_LIBRARY=/opt/SalomeMeca/V2017.0.2/prerequisites/Tcl-8513/lib/tcl8.5
XDG_SEAT_PATH=/org/freedesktop/DisplayManager/Seat0
DEBIANFORSALOME=/opt/SalomeMeca/V2017.0.2/prerequisites/debianForSalome
LIBBATCH_ROOT_DIR=/opt/SalomeMeca/V2017.0.2/tools/Libbatch-V2_3_1
SSH_AUTH_SOCK=/run/user/990/keyring/ssh
CSF_MDTVFontDirectory=/opt/SalomeMeca/V2017.0.2/prerequisites/Occ-710p1/src/FontMFT
CSF_UnitsDefinition=/opt/SalomeMeca/V2017.0.2/prerequisites/Occ-710p1/src/UnitsAPI/Units.dat
SCOTCHDIR=/opt/SalomeMeca/V2017.0.2/prerequisites/Scotch-5111
GMSH_BIN_DIR=/opt/SalomeMeca/V2017.0.2/prerequisites/Gmsh_bin-2120Linux64/bin
SESSION_MANAGER=local/caelinux:@/tmp/.ICE-unix/1986,unix/caelinux:/tmp/.ICE-unix/1986
MPLCONFIGDIR=/home/caelinux/.config/salome/matplotlib-1.4.3
DEFAULTS_PATH=/usr/share/gconf/xubuntu.default.path
EFICAS_ROOT_DIR=/home/caelinux/../../opt/SalomeMeca/appli_V2017.0.2
ASTER_DATADIR=/opt/SalomeMeca/V2017.0.2/tools/Code_aster_stable-v134_smeca/share/aster
HexoticPLUGIN_ROOT_DIR=/home/caelinux/../../opt/SalomeMeca/appli_V2017.0.2
XDG_CONFIG_DIRS=/etc/xdg/xdg-xubuntu:/usr/share/upstart/xdg:/etc/xdg:/etc/xdg
NETGENPLUGIN_ROOT_DIR=/home/caelinux/../../opt/SalomeMeca/appli_V2017.0.2
PREREQUISITES_ROOT_DIR=/opt/SalomeMeca/V2017.0.2/prerequisites
PARAVIS_DIR=/opt/SalomeMeca/V2017.0.2/modules/PARAVIS_V8_3_0
MMGT_REENTRANT=1
QTVERSION=5
PATH=/opt/SalomeMeca/V2017.0.2/prerequisites/Mfront-TFEL300/bin:/opt/SalomeMeca/V2017.0.2/prerequisites/Python-2710/bin:/opt/SalomeMeca/V2017.0.2/tools/Code_aster_frontend-20170/bin:/opt/SalomeMeca/V2017.0.2/tools/Code_aster_frontend-20170/outils:/home/caelinux/../../opt/SalomeMeca/appli_V2017.0.2/bin/salome:/opt/SalomeMeca/V2017.0.2/modules/ASTERSTUDY_201702/bin/salome:/opt/SalomeMeca/V2017.0.2/prerequisites/Tcl-8513/bin:/opt/SalomeMeca/V2017.0.2/prerequisites/Tk-8513/bin:/opt/SalomeMeca/V2017.0.2/prerequisites/Python-2710/bin:/opt/SalomeMeca/V2017.0.2/prerequisites/Sip-418/bin:/opt/SalomeMeca/V2017.0.2/prerequisites/Omniorb-416/bin:/opt/SalomeMeca/V2017.0.2/prerequisites/Hdf5-1814/bin:/opt/SalomeMeca/V2017.0.2/prerequisites/Cgnslib-3134/bin:/opt/SalomeMeca/V2017.0.2/prerequisites/Pygments-202/bin:/opt/SalomeMeca/V2017.0.2/prerequisites/Metis_aster-510_aster1:/opt/SalomeMeca/V2017.0.2/prerequisites/Metis-40/bin:/opt/SalomeMeca/V2017.0.2/tools/Code_aster_frontend-20170/bin:/opt/SalomeMeca/V2017.0.2/tools/Gibi-20008:/opt/SalomeMeca/V2017.0.2/prerequisites/Gmsh_bin-2120Linux64/bin:/opt/SalomeMeca/V2017.0.2/tools/Homard_aster-117_aster:/opt/SalomeMeca/V2017.0.2/tools/Medfichier-321/bin:/opt/SalomeMeca/V2017.0.2/prerequisites/Mercurial-261/bin:/opt/SalomeMeca/V2017.0.2/prerequisites/Mfront-TFEL300/bin:/opt/SalomeMeca/V2017.0.2/prerequisites/Mfront_stable-TFEL202/bin:/opt/SalomeMeca/V2017.0.2/tools/Miss3d-66_aster4:/opt/SalomeMeca/V2017.0.2/prerequisites/Numpy-192/bin:/opt/SalomeMeca/V2017.0.2/prerequisites/Scotch-5111/bin:/opt/SalomeMeca/V2017.0.2/prerequisites/Docutils-012/bin:/opt/SalomeMeca/V2017.0.2/prerequisites/Freetype-2411/bin:/opt/SalomeMeca/V2017.0.2/prerequisites/Graphviz-2380/bin:/opt/SalomeMeca/V2017.0.2/prerequisites/Cppunit-1132/bin:/opt/SalomeMeca/V2017.0.2/prerequisites/Libxml2-290/bin:/opt/SalomeMeca/V2017.0.2/prerequisites/Qt-5611/bin:/opt/SalomeMeca/V2017.0.2/prerequisites/Pyqt-560/bin:/opt/SalomeMeca/V2017.0.2/prerequisites/Paraview-v512_EDF/bin:/opt/SalomeMeca/V2017.0.2/tools/Medcoupling-V8_3_0/bin:/opt/SalomeMeca/V2017.0.2/prerequisites/Cython-0232/bin:/opt/SalomeMeca/V2017.0.2/prerequisites/Gmsh-2110/bin:/opt/SalomeMeca/V2017.0.2/prerequisites/Libxslt-1128/bin:/opt/SalomeMeca/V2017.0.2/prerequisites/Meshgems-245/bin/Linux_64:/tmp/salome_localres_workdir_caelinux/caelinux-caelinux-Don-10-204506.449:/opt/SalomeMeca/V2017.0.2/prerequisites/Tcl-8513/bin:/opt/SalomeMeca/V2017.0.2/prerequisites/Tk-8513/bin:/opt/SalomeMeca/V2017.0.2/prerequisites/Python-2710/bin:/opt/SalomeMeca/V2017.0.2/prerequisites/Sip-418/bin:/opt/SalomeMeca/V2017.0.2/prerequisites/Omniorb-416/bin:/opt/SalomeMeca/V2017.0.2/prerequisites/Hdf5-1814/bin:/opt/SalomeMeca/V2017.0.2/prerequisites/Cgnslib-3134/bin:/opt/SalomeMeca/V2017.0.2/prerequisites/Pygments-202/bin:/opt/SalomeMeca/V2017.0.2/prerequisites/Metis_aster-510_aster1:/opt/SalomeMeca/V2017.0.2/prerequisites/Metis-40/bin:/opt/SalomeMeca/V2017.0.2/tools/Code_aster_frontend-20170/bin:/opt/SalomeMeca/V2017.0.2/tools/Gibi-20008:/opt/SalomeMeca/V2017.0.2/prerequisites/Gmsh_bin-2120Linux64/bin:/opt/SalomeMeca/V2017.0.2/tools/Homard_aster-117_aster:/opt/SalomeMeca/V2017.0.2/tools/Medfichier-321/bin:/opt/SalomeMeca/V2017.0.2/prerequisites/Mercurial-261/bin:/opt/SalomeMeca/V2017.0.2/prerequisites/Mfront-TFEL300/bin:/opt/SalomeMeca/V2017.0.2/prerequisites/Mfront_stable-TFEL202/bin:/opt/SalomeMeca/V2017.0.2/tools/Miss3d-66_aster4:/opt/SalomeMeca/V2017.0.2/prerequisites/Numpy-192/bin:/opt/SalomeMeca/V2017.0.2/prerequisites/Scotch-5111/bin:/opt/SalomeMeca/V2017.0.2/prerequisites/Docutils-012/bin:/opt/SalomeMeca/V2017.0.2/prerequisites/Freetype-2411/bin:/opt/SalomeMeca/V2017.0.2/prerequisites/Graphviz-2380/bin:/opt/SalomeMeca/V2017.0.2/prerequisites/Cppunit-1132/bin:/opt/SalomeMeca/V2017.0.2/prerequisites/Libxml2-290/bin:/opt/SalomeMeca/V2017.0.2/prerequisites/Qt-5611/bin:/opt/SalomeMeca/V2017.0.2/prerequisites/Pyqt-560/bin:/opt/SalomeMeca/V2017.0.2/prerequisites/Paraview-v512_EDF/bin:/opt/SalomeMeca/V2017.0.2/tools/Medcoupling-V8_3_0/bin:/opt/SalomeMeca/V2017.0.2/prerequisites/Cython-0232/bin:/opt/SalomeMeca/V2017.0.2/prerequisites/Gmsh-2110/bin:/opt/SalomeMeca/V2017.0.2/prerequisites/Libxslt-1128/bin:/opt/SalomeMeca/V2017.0.2/prerequisites/Meshgems-245/bin/Linux_64:/usr/local/sbin:/usr/local/bin:/usr/sbin:/usr/bin:/sbin:/bin:/usr/games:/usr/local/games:/snap/bin
DESKTOP_SESSION=xubuntu
CSF_SALOMEDS_ResourcesDefaults=/home/caelinux/../../opt/SalomeMeca/appli_V2017.0.2/share/salome/resources/kernel
ASTER_LIBDIR=/opt/SalomeMeca/V2017.0.2/tools/Code_aster_stable-v134_smeca/lib/aster
HYBRIDPLUGIN_ROOT_DIR=/home/caelinux/../../opt/SalomeMeca/appli_V2017.0.2
BOOSTDIR=/opt/SalomeMeca/V2017.0.2/prerequisites/Boost-1520
BLSURFPLUGIN_ROOT_DIR=/home/caelinux/../../opt/SalomeMeca/appli_V2017.0.2
HDF5_DISABLE_VERSION_CHECK=1
SALOME_NETGENPluginResources=/home/caelinux/../../opt/SalomeMeca/appli_V2017.0.2/share/salome/resources/netgenplugin
QT_IM_MODULE=
SMESH_ROOT_DIR=/home/caelinux/../../opt/SalomeMeca/appli_V2017.0.2
GHS3DPLUGIN_ROOT_DIR=/home/caelinux/../../opt/SalomeMeca/appli_V2017.0.2
PVHOME=/opt/SalomeMeca/V2017.0.2/prerequisites/Paraview-v512_EDF
LC_IDENTIFICATION=de_CH.UTF-8
JOB=dbus
PWD=/tmp/salome_localres_workdir_caelinux/caelinux-caelinux-Don-10-204506.449
NUMPY_DIR=/opt/SalomeMeca/V2017.0.2/prerequisites/Numpy-192
HEXABLOCKPLUGIN_ROOT_DIR=/home/caelinux/../../opt/SalomeMeca/appli_V2017.0.2
XDG_SESSION_TYPE=x11
MESHGEMS_ROOT_DIR=/opt/SalomeMeca/V2017.0.2/prerequisites/Meshgems-245
DISABLE_FPE=1
XMODIFIERS=
MESHGEMSHOME=/opt/SalomeMeca/V2017.0.2/prerequisites/Meshgems-245
PYQT_SIPS=/opt/SalomeMeca/V2017.0.2/prerequisites/Pyqt-560/share/sip
SALOMEMECA_TRANSLATOR_ROOT_DIR=/opt/SalomeMeca/V2017.0.2/tools/Salomemeca_translator-20170
TFELHOME=/opt/SalomeMeca/V2017.0.2/prerequisites/Mfront-TFEL300
CSF_PluginDefaults=/opt/SalomeMeca/V2017.0.2/prerequisites/Occ-710p1/src/StdResource
LANG=en_US.UTF-8
MEDFICHIER_INSTALL_DIR=/opt/SalomeMeca/V2017.0.2/tools/Medfichier-321
NETGENHOME=/opt/SalomeMeca/V2017.0.2/tools/Netgen-531
GNOME_KEYRING_PID=
MED_ROOT_DIR=/home/caelinux/../../opt/SalomeMeca/appli_V2017.0.2
PYTHONSTARTUP=/opt/SalomeMeca/V2017.0.2/prerequisites/Python-2710/pythonrc.py
MANDATORY_PATH=/usr/share/gconf/xubuntu.mandatory.path
SALOME_HEXABLOCKPluginResources=/home/caelinux/../../opt/SalomeMeca/appli_V2017.0.2/share/salome/resources/hexablockplugin
LC_MEASUREMENT=de_CH.UTF-8
PV_PLUGIN_PATH=/opt/SalomeMeca/V2017.0.2/prerequisites/Paraview-v512_EDF/lib/paraview-5.1:/opt/SalomeMeca/V2017.0.2/modules/PARAVIS_V8_3_0/lib/paraview:/opt/SalomeMeca/V2017.0.2/tools/Paravisaddons-V8_3_0/lib:/home/caelinux/../../opt/SalomeMeca/appli_V2017.0.2/lib/paraview:/opt/SalomeMeca/V2017.0.2/prerequisites/Paraview-v512_EDF/lib/paraview-5.1:/opt/SalomeMeca/V2017.0.2/modules/PARAVIS_V8_3_0/lib/paraview:/opt/SalomeMeca/V2017.0.2/tools/Paravisaddons-V8_3_0/lib
CSF_ShHealingDefaults=/tmp/logs/caelinux/env_2810
HOMARD_EXE=homard
PYTHONHOME=/opt/SalomeMeca/V2017.0.2/prerequisites/Python-2710
IM_CONFIG_PHASE=1
SalomeAppConfig=/home/caelinux/../../opt/SalomeMeca/appli_V2017.0.2:/home/caelinux/../../opt/SalomeMeca/appli_V2017.0.2/share/salome/resources/gui:/opt/SalomeMeca/V2017.0.2/modules/ASTERSTUDY_201702/share/salome/resources/asterstudy:/home/caelinux/../../opt/SalomeMeca/appli_V2017.0.2/share/salome/resources/geom:/home/caelinux/../../opt/SalomeMeca/appli_V2017.0.2/share/salome/resources/smesh:/home/caelinux/../../opt/SalomeMeca/appli_V2017.0.2/share/salome/resources/paravis:/home/caelinux/../../opt/SalomeMeca/appli_V2017.0.2/share/salome/resources/med:/home/caelinux/../../opt/SalomeMeca/appli_V2017.0.2/share/salome/resources/yacs:/home/caelinux/../../opt/SalomeMeca/appli_V2017.0.2/share/salome/resources/jobmanager:/home/caelinux/../../opt/SalomeMeca/appli_V2017.0.2/share/salome/resources/homard:/home/caelinux/../../opt/SalomeMeca/appli_V2017.0.2/share/salome/resources/adao:/home/caelinux/../../opt/SalomeMeca/appli_V2017.0.2/share/salome/resources/eficas:/home/caelinux/../../opt/SalomeMeca/appli_V2017.0.2/share/salome/resources/hybridplugin:/home/caelinux/../../opt/SalomeMeca/appli_V2017.0.2/share/salome/resources/blsurfplugin:/home/caelinux/../../opt/SalomeMeca/appli_V2017.0.2/share/salome/resources/europlexus:/home/caelinux/../../opt/SalomeMeca/appli_V2017.0.2/share/salome/resources/hexoticplugin:/home/caelinux/../../opt/SalomeMeca/appli_V2017.0.2/share/salome/resources/netgenplugin:/home/caelinux/../../opt/SalomeMeca/appli_V2017.0.2/share/salome/resources/ghs3dplugin::
ASTER_ROOT_DIR=/home/caelinux/../../opt/SalomeMeca/appli_V2017.0.2
SALOMEMECA_PLUGINS_ROOT_DIR=/opt/SalomeMeca/V2017.0.2/tools/Salomemeca_plugins-20170_public
__place_holder__=0
GDMSESSION=xubuntu
GL2PS_INSTALL_DIR=/opt/SalomeMeca/V2017.0.2/prerequisites/Gl2ps-139svn20160620
METISDIR=/opt/SalomeMeca/V2017.0.2/prerequisites/Metis_aster-510_aster1,/opt/SalomeMeca/V2017.0.2/prerequisites/Metis-40
NSPORT=2810
SESSIONTYPE=
TKDIR=/opt/SalomeMeca/V2017.0.2/prerequisites/Tk-8513
SALOME_BATCH=0
WISHEXECUTABLE=/opt/SalomeMeca/V2017.0.2/prerequisites/Tk-8513/bin/wish8.5
PYQT_ROOT_DIR=/opt/SalomeMeca/V2017.0.2/prerequisites/Pyqt-560
ASTER_STABLE=/opt/SalomeMeca/V2017.0.2/tools/Code_aster_stable-v134_smeca
GENERICSOLVER_ROOT_DIR=/home/caelinux/../../opt/SalomeMeca/appli_V2017.0.2
HOME=/home/caelinux
SHLVL=3
XDG_SEAT=seat0
SALOME_BLSURFPluginResources=/home/caelinux/../../opt/SalomeMeca/appli_V2017.0.2/share/salome/resources/blsurfplugin
SALOME_PLUGINS_PATH=/opt/SalomeMeca/V2017.0.2/plugins:/opt/SalomeMeca/V2017.0.2/tools/Salomemeca_plugins-20170_public/lib/python2.7/site-packages/salome:/opt/SalomeMeca/V2017.0.2/tools/Salomemeca_mofem-20170/lib/python2.7/site-packages/salome:/opt/SalomeMeca/V2017.0.2/tools/Salomemeca_translator-20170/lib/python2.7/site-packages/salome:/opt/SalomeMeca/V2017.0.2/plugins:/opt/SalomeMeca/V2017.0.2/tools/Salomemeca_plugins-20170_public/lib/python2.7/site-packages/salome:/opt/SalomeMeca/V2017.0.2/tools/Salomemeca_mofem-20170/lib/python2.7/site-packages/salome:/opt/SalomeMeca/V2017.0.2/tools/Salomemeca_translator-20170/lib/python2.7/site-packages/salome
ZCRACKSHOME=/opt/SalomeMeca/V2017.0.2/prerequisites/Zcracks-287
ASTER_LOCALEDIR=/opt/SalomeMeca/V2017.0.2/tools/Code_aster_stable-v134_smeca/share/locale/aster
SALOMEMECA_EXTRA_ROOT_DIR=/opt/SalomeMeca/V2017.0.2/tools/Salomemeca_extra-201702_public
MERCURIAL_ROOT_DIR=/opt/SalomeMeca/V2017.0.2/prerequisites/Mercurial-261
GEOM_ROOT_DIR=/home/caelinux/../../opt/SalomeMeca/appli_V2017.0.2
SALOME_trace=local
CSF_UnitsLexicon=/opt/SalomeMeca/V2017.0.2/prerequisites/Occ-710p1/src/UnitsAPI/Lexi_Expr.dat
LIBBATCH_NODEFILE=nodefile-immwzqRucv
GTK_OVERLAY_SCROLLING=0
UPSTART_INSTANCE=
OMNIORB_USER_PATH=/tmp
PYTHONPATH=.:/opt/SalomeMeca/V2017.0.2/tools/Code_aster_stable-v134_smeca/lib/aster:/home/A21173/smeca/yamm_build/V2017_0_2_build/prerequisites/install/Pkgconfig-110-py2710/lib/python2.7/site-packages/pkgconfig-1.1.0-py2.7.egg:/home/A21173/smeca/yamm_build/V2017_0_2_build/prerequisites/install/H5py-250-cyt0232-hdf51814-num192-py2710-set06c11/lib/python2.7/site-packages/h5py-2.5.0-py2.7-linux-x86_64.egg:/home/A21173/smeca/yamm_build/V2017_0_2_build/prerequisites/install/Matplotlib-143EDFp1-num192-pyqt560-py2710-set06c11/six-1.11.0-py2.7.egg:/home/A21173/smeca/yamm_build/V2017_0_2_build/prerequisites/install/Matplotlib-143EDFp1-num192-pyqt560-py2710-set06c11/lib/python2.7/site-packages/matplotlib-1.4.3-py2.7-linux-x86_64.egg:/home/A21173/smeca/yamm_build/V2017_0_2_build/prerequisites/install/Matplotlib-143EDFp1-num192-pyqt560-py2710-set06c11/pyparsing-2.2.0-py2.7.egg:/home/A21173/smeca/yamm_build/V2017_0_2_build/prerequisites/install/Matplotlib-143EDFp1-num192-pyqt560-py2710-set06c11/pytz-2017.2-py2.7.egg:/home/A21173/smeca/yamm_build/V2017_0_2_build/prerequisites/install/Matplotlib-143EDFp1-num192-pyqt560-py2710-set06c11/python_dateutil-2.6.1-py2.7.egg:/home/A21173/smeca/yamm_build/V2017_0_2_build/prerequisites/install/Jinja-273-py2710-set06c11/lib/python2.7/site-packages/Jinja2-2.7.3-py2.7.egg:/home/A21173/smeca/yamm_build/V2017_0_2_build/prerequisites/install/Jinja-273-py2710-set06c11/MarkupSafe-1.0-py2.7-linux-x86_64.egg:/home/A21173/smeca/yamm_build/V2017_0_2_build/prerequisites/install/Pygments-202-py2710-set06c11/lib/python2.7/site-packages/Pygments-2.0.2-py2.7.egg:/opt/SalomeMeca/V2017.0.2/prerequisites/Numpy-192/lib/python2.7/site-packages:/home/A21173/smeca/yamm_build/V2017_0_2_build/prerequisites/install/Pkgconfig-110-py2710/lib/python2.7/site-packages:/home/A21173/smeca/yamm_build/V2017_0_2_build/V2017_public/modules/install/ASTER_20170/lib/python2.7/site-packages/salome:/opt/SalomeMeca/V2017.0.2/tools/Code_aster_frontend-20170/lib/python2.7/site-packages:/home/A21173/smeca/yamm_build/V2017_0_2_build/prerequisites/install/H5py-250-cyt0232-hdf51814-num192-py2710-set06c11/lib/python2.7/site-packages:/home/A21173/smeca/yamm_build/V2017_0_2_build/prerequisites/install/Cython-0232-py2710/lib/python2.7/site-packages:/home/A21173/smeca/yamm_build/V2017_0_2_build/V2017_public/modules/install/SMESH_V8_3_0/share/salome/plugins/smesh/Verima:/home/A21173/smeca/yamm_build/V2017_0_2_build/V2017_public/modules/install/ASTERSTUDY_edf_default/lib/python2.7/site-packages/asterstudy:/home/A21173/smeca/yamm_build/V2017_0_2_build/V2017_public/modules/install/ASTERSTUDY_edf_default/lib/python2.7/site-packages/salome:/home/A21173/smeca/yamm_build/V2017_0_2_build/V2017_public/tools/install/Medcoupling-V8_3_0/lib/python2.7/site-packages:/home/A21173/smeca/yamm_build/V2017_0_2_build/prerequisites/install/Scipy-0151-la350-nu192-py2710-sw208/lib/python2.7/site-packages:/home/A21173/smeca/yamm_build/V2017_0_2_build/prerequisites/install/Paraview-v512_EDF-cm362-dox1831-gl2ps139-gr2380-hd1814-xml2290-py2710-qt561/lib/paraview-5.1/site-packages/paraview/vtk:/home/A21173/smeca/yamm_build/V2017_0_2_build/prerequisites/install/Paraview-v512_EDF-cm362-dox1831-gl2ps139-gr2380-hd1814-xml2290-py2710-qt561/lib/paraview-5.1/site-packages/vtk:/home/A21173/smeca/yamm_build/V2017_0_2_build/prerequisites/install/Paraview-v512_EDF-cm362-dox1831-gl2ps139-gr2380-hd1814-xml2290-py2710-qt561/lib/paraview-5.1/site-packages:/home/A21173/smeca/yamm_build/V2017_0_2_build/prerequisites/install/Paraview-v512_EDF-cm362-dox1831-gl2ps139-gr2380-hd1814-xml2290-py2710-qt561/lib/paraview-5.1:/home/A21173/smeca/yamm_build/V2017_0_2_build/prerequisites/install/Matplotlib-143EDFp1-num192-pyqt560-py2710-set06c11/lib/python2.7/site-packages:/home/A21173/smeca/yamm_build/V2017_0_2_build/prerequisites/install/Pyqt-560-py2710-qt561-sip418/lib/python2.7/site-packages:/home/A21173/smeca/yamm_build/V2017_0_2_build/prerequisites/install/Jinja-273-py2710-set06c11/lib/python2.7/site-packages:/home/A21173/smeca/yamm_build/V2017_0_2_build/prerequisites/install/Libxml2-290-py2710/lib/python2.7/site-packages:/home/A21173/smeca/yamm_build/V2017_0_2_build/V2017_public/tools/install/Libbatch-V2_3_1-cm362-py2710-sw208/lib/python2.7/site-packages:/home/A21173/smeca/yamm_build/V2017_0_2_build/prerequisites/install/Omniorbpy-36-orb416-py2710/lib/python2.7/site-packages/omniidl_be:/home/A21173/smeca/yamm_build/V2017_0_2_build/prerequisites/install/Omniorbpy-36-orb416-py2710/lib/python2.7/site-packages:/home/A21173/smeca/yamm_build/V2017_0_2_build/prerequisites/install/Docutils-012-py2710/lib/python2.7/site-packages:/opt/SalomeMeca/V2017.0.2/prerequisites/Mfront-TFEL300/lib/python2.7/site-packages:/opt/SalomeMeca/V2017.0.2/prerequisites/Mercurial-261/lib/python2.7/site-packages:/opt/SalomeMeca/V2017.0.2/tools/Medfichier-321/lib/python2.7/site-packages:/home/A21173/smeca/yamm_build/V2017_0_2_build/prerequisites/install/Pygments-202-py2710-set06c11/lib/python2.7/site-packages:/home/A21173/smeca/yamm_build/V2017_0_2_build/prerequisites/install/Omniorb-416-py2710/lib/python2.7/site-packages:/home/A21173/smeca/yamm_build/V2017_0_2_build/prerequisites/install/Sip-418-py2710/lib/python2.7/site-packages:/home/A21173/smeca/yamm_build/V2017_0_2_build/V2017_public/tools/install/Eficas_nouveau-V8_3_0-cm362-pyqt560-py2710-qt561-sip418:/home/A21173/smeca/yamm_build/V2017_0_2_build/V2017_public/tools/install/Eficas_nouveau-V8_3_0-cm362-pyqt560-py2710-qt561-sip418/UiQT5:/home/A21173/smeca/yamm_build/V2017_0_2_build/V2017_public/tools/install/Eficas_nouveau-V8_3_0-cm362-pyqt560-py2710-qt561-sip418/Editeur:/home/A21173/smeca/yamm_build/V2017_0_2_build/prerequisites/install/Omniorbpy-36-orb416-py2710/lib/python2.7/site-packages/omniORB/COS:/opt/SalomeMeca/V2017.0.2/tools/Code_aster_frontend-20170/lib/python2.7/site-packages:/home/caelinux/../../opt/SalomeMeca/appli_V2017.0.2/lib/python2.7/site-packages/salome/shared_modules:/home/caelinux/../../opt/SalomeMeca/appli_V2017.0.2/lib/python2.7/site-packages/salome:/home/caelinux/../../opt/SalomeMeca/appli_V2017.0.2/lib/salome:/home/caelinux/../../opt/SalomeMeca/appli_V2017.0.2/bin/salome:/opt/SalomeMeca/V2017.0.2/modules/ASTERSTUDY_201702/lib/python2.7/site-packages/asterstudy:/opt/SalomeMeca/V2017.0.2/modules/ASTERSTUDY_201702/lib/python2.7/site-packages/salome:/opt/SalomeMeca/V2017.0.2/modules/ASTERSTUDY_201702/lib/salome:/opt/SalomeMeca/V2017.0.2/modules/ASTERSTUDY_201702/bin/salome:/opt/SalomeMeca/V2017.0.2/modules/KERNEL_V8_3_0/bin/salome/appliskel:/opt/SalomeMeca/V2017.0.2/prerequisites/Python-2710/lib/python2.7/site-packages:/opt/SalomeMeca/V2017.0.2/prerequisites/Sip-418/lib/python2.7/site-packages:/opt/SalomeMeca/V2017.0.2/prerequisites/Omniorb-416/lib/python2.7/site-packages:/opt/SalomeMeca/V2017.0.2/prerequisites/Pygments-202/lib/python2.7/site-packages:/opt/SalomeMeca/V2017.0.2/tools/Code_aster_frontend-20170/lib/python2.7/site-packages:/opt/SalomeMeca/V2017.0.2/tools/Medfichier-321/lib/python2.7/site-packages:/opt/SalomeMeca/V2017.0.2/prerequisites/Mercurial-261/lib/python2.7/site-packages:/opt/SalomeMeca/V2017.0.2/prerequisites/Mfront-TFEL300/lib/python2.7/site-packages:/opt/SalomeMeca/V2017.0.2/prerequisites/Numpy-192/lib/python2.7/site-packages:/opt/SalomeMeca/V2017.0.2/tools/Salomemeca_pyutils-20170/lib/python2.7/site-packages:/opt/SalomeMeca/V2017.0.2/prerequisites/Docutils-012/lib/python2.7/site-packages:/opt/SalomeMeca/V2017.0.2/prerequisites/Omniorbpy-36/lib/python2.7/site-packages:/opt/SalomeMeca/V2017.0.2/prerequisites/Omniorbpy-36/lib/python2.7/site-packages/omniidl_be:/opt/SalomeMeca/V2017.0.2/tools/Libbatch-V2_3_1/lib/python2.7/site-packages:/opt/SalomeMeca/V2017.0.2/prerequisites/Libxml2-290/lib/python2.7/site-packages:/opt/SalomeMeca/V2017.0.2/prerequisites/Jinja-273/lib/python2.7/site-packages:/opt/SalomeMeca/V2017.0.2/prerequisites/Pyqt-560/lib/python2.7/site-packages:/opt/SalomeMeca/V2017.0.2/prerequisites/Matplotlib-143/lib/python2.7/site-packages:/opt/SalomeMeca/V2017.0.2/prerequisites/Paraview-v512_EDF/lib/paraview-5.1:/opt/SalomeMeca/V2017.0.2/prerequisites/Paraview-v512_EDF/lib/paraview-5.1/site-packages:/opt/SalomeMeca/V2017.0.2/prerequisites/Paraview-v512_EDF/lib/paraview-5.1/site-packages/vtk:/opt/SalomeMeca/V2017.0.2/prerequisites/Paraview-v512_EDF/lib/paraview-5.1/site-packages/paraview/vtk:/opt/SalomeMeca/V2017.0.2/prerequisites/Scipy-0151/lib/python2.7/site-packages:/opt/SalomeMeca/V2017.0.2/tools/Medcoupling-V8_3_0/lib/python2.7/site-packages:/opt/SalomeMeca/V2017.0.2/tools/Code_aster_frontend-20170/lib/python2.7/site-packages:/opt/SalomeMeca/V2017.0.2/modules/SMESH_V8_3_0/share/salome/plugins/smesh/Verima:/opt/SalomeMeca/V2017.0.2/prerequisites/Cython-0232/lib/python2.7/site-packages:/opt/SalomeMeca/V2017.0.2/prerequisites/H5py-250/lib/python2.7/site-packages:/opt/SalomeMeca/V2017.0.2/tools/Eficas_nouveau-V8_3_0:/opt/SalomeMeca/V2017.0.2/tools/Eficas_nouveau-V8_3_0/UiQT5:/opt/SalomeMeca/V2017.0.2/tools/Eficas_nouveau-V8_3_0/Editeur:/opt/SalomeMeca/V2017.0.2/prerequisites/Pkgconfig-110/lib/python2.7/site-packages:/opt/SalomeMeca/V2017.0.2/tools/Salomemeca_plugins-20170_public/lib/python2.7/site-packages/salome:/opt/SalomeMeca/V2017.0.2/tools/Salomemeca_plugins-20170_public/lib/python2.7/site-packages/salome/CF:/opt/SalomeMeca/V2017.0.2/tools/Salomemeca_mofem-20170/lib/python2.7/site-packages/salome:/opt/SalomeMeca/V2017.0.2/tools/Salomemeca_translator-20170/lib/python2.7/site-packages/salome:/opt/SalomeMeca/V2017.0.2/prerequisites/Lxml-340/lib/python2.7/site-packages:/tmp/salome_localres_workdir_caelinux/caelinux-caelinux-Don-10-204506.449:/opt/SalomeMeca/V2017.0.2/prerequisites/Python-2710/lib/python2.7/site-packages:/opt/SalomeMeca/V2017.0.2/prerequisites/Sip-418/lib/python2.7/site-packages:/opt/SalomeMeca/V2017.0.2/prerequisites/Omniorb-416/lib/python2.7/site-packages:/opt/SalomeMeca/V2017.0.2/prerequisites/Pygments-202/lib/python2.7/site-packages:/opt/SalomeMeca/V2017.0.2/tools/Code_aster_frontend-20170/lib/python2.7/site-packages:/opt/SalomeMeca/V2017.0.2/tools/Medfichier-321/lib/python2.7/site-packages:/opt/SalomeMeca/V2017.0.2/prerequisites/Mercurial-261/lib/python2.7/site-packages:/opt/SalomeMeca/V2017.0.2/prerequisites/Mfront-TFEL300/lib/python2.7/site-packages:/opt/SalomeMeca/V2017.0.2/prerequisites/Numpy-192/lib/python2.7/site-packages:/opt/SalomeMeca/V2017.0.2/tools/Salomemeca_pyutils-20170/lib/python2.7/site-packages:/opt/SalomeMeca/V2017.0.2/prerequisites/Docutils-012/lib/python2.7/site-packages:/opt/SalomeMeca/V2017.0.2/prerequisites/Omniorbpy-36/lib/python2.7/site-packages:/opt/SalomeMeca/V2017.0.2/prerequisites/Omniorbpy-36/lib/python2.7/site-packages/omniidl_be:/opt/SalomeMeca/V2017.0.2/tools/Libbatch-V2_3_1/lib/python2.7/site-packages:/opt/SalomeMeca/V2017.0.2/prerequisites/Libxml2-290/lib/python2.7/site-packages:/opt/SalomeMeca/V2017.0.2/prerequisites/Jinja-273/lib/python2.7/site-packages:/opt/SalomeMeca/V2017.0.2/prerequisites/Pyqt-560/lib/python2.7/site-packages:/opt/SalomeMeca/V2017.0.2/prerequisites/Matplotlib-143/lib/python2.7/site-packages:/opt/SalomeMeca/V2017.0.2/prerequisites/Paraview-v512_EDF/lib/paraview-5.1:/opt/SalomeMeca/V2017.0.2/prerequisites/Paraview-v512_EDF/lib/paraview-5.1/site-packages:/opt/SalomeMeca/V2017.0.2/prerequisites/Paraview-v512_EDF/lib/paraview-5.1/site-packages/vtk:/opt/SalomeMeca/V2017.0.2/prerequisites/Paraview-v512_EDF/lib/paraview-5.1/site-packages/paraview/vtk:/opt/SalomeMeca/V2017.0.2/prerequisites/Scipy-0151/lib/python2.7/site-packages:/opt/SalomeMeca/V2017.0.2/tools/Medcoupling-V8_3_0/lib/python2.7/site-packages:/opt/SalomeMeca/V2017.0.2/tools/Code_aster_frontend-20170/lib/python2.7/site-packages:/opt/SalomeMeca/V2017.0.2/modules/SMESH_V8_3_0/share/salome/plugins/smesh/Verima:/opt/SalomeMeca/V2017.0.2/prerequisites/Cython-0232/lib/python2.7/site-packages:/opt/SalomeMeca/V2017.0.2/prerequisites/H5py-250/lib/python2.7/site-packages:/opt/SalomeMeca/V2017.0.2/tools/Eficas_nouveau-V8_3_0:/opt/SalomeMeca/V2017.0.2/tools/Eficas_nouveau-V8_3_0/UiQT5:/opt/SalomeMeca/V2017.0.2/tools/Eficas_nouveau-V8_3_0/Editeur:/opt/SalomeMeca/V2017.0.2/prerequisites/Pkgconfig-110/lib/python2.7/site-packages:/opt/SalomeMeca/V2017.0.2/tools/Salomemeca_plugins-20170_public/lib/python2.7/site-packages/salome:/opt/SalomeMeca/V2017.0.2/tools/Salomemeca_plugins-20170_public/lib/python2.7/site-packages/salome/CF:/opt/SalomeMeca/V2017.0.2/tools/Salomemeca_mofem-20170/lib/python2.7/site-packages/salome:/opt/SalomeMeca/V2017.0.2/tools/Salomemeca_translator-20170/lib/python2.7/site-packages/salome:/opt/SalomeMeca/V2017.0.2/prerequisites/Lxml-340/lib/python2.7/site-packages
UPSTART_EVENTS=started xsession
XDG_SESSION_DESKTOP=xubuntu
LOGNAME=caelinux
BOOST_ROOT=/opt/SalomeMeca/V2017.0.2/prerequisites/Boost-1520
ASTER_TMPDIR=/tmp
DSCCODE_ROOT_DIR=/home/caelinux/../../opt/SalomeMeca/appli_V2017.0.2
QWT_INCLUDES=/opt/SalomeMeca/V2017.0.2/prerequisites/Qwt-612/include
ABSOLUTE_APPLI_PATH=/home/caelinux/../../opt/SalomeMeca/appli_V2017.0.2
SALOMEPATH=/opt/SalomeMeca/V2017.0.2/modules/ASTERSTUDY_201702:/home/caelinux/../../opt/SalomeMeca/appli_V2017.0.2
EFICAS_ROOT=/opt/SalomeMeca/V2017.0.2/tools/Eficas_nouveau-V8_3_0
XDG_DATA_DIRS=/usr/share/xubuntu:/usr/share/xfce4:/usr/local/share:/usr/share:/var/lib/snapd/desktop:/var/lib/snapd/desktop:/usr/share
DBUS_SESSION_BUS_ADDRESS=unix:abstract=/tmp/dbus-N5AqBLndZD
QT4_IM_MODULE=
ECREVISSE_ROOT_DIR=/opt/SalomeMeca/V2017.0.2/tools/Ecrevisse-322
MODULES_ROOT_DIR=/opt/SalomeMeca/V2017.0.2/modules
SALOME_StdMeshersResources=/home/caelinux/../../opt/SalomeMeca/appli_V2017.0.2/share/salome/resources/smesh
PV_MACRO_PATH=/home/caelinux/.config/salome/Macros
GUI_ROOT_DIR=/home/caelinux/../../opt/SalomeMeca/appli_V2017.0.2
SMESH_MeshersList=StdMeshers:HexoticPLUGIN:NETGENPlugin:BLSURFPlugin:HEXABLOCKPlugin:GHS3DPlugin:HYBRIDPlugin
OPENTURNS_MODULE_CONF_FILE=/opt/SalomeMeca/V2017.0.2/tools/Salomemeca_extra-201702_public/custom/config_file_template.py
VTK_AUTOLOAD_PATH=/home/caelinux/../../opt/SalomeMeca/appli_V2017.0.2/lib/paraview
UPSTART_JOB=startxfce4
INSTANCE=
LIBXSLT_ROOT_DIR=/opt/SalomeMeca/V2017.0.2/prerequisites/Libxslt-1128
DISPLAY=:0.0
XDG_RUNTIME_DIR=/run/user/990
LXML_ROOT_DIR=/opt/SalomeMeca/V2017.0.2/prerequisites/Lxml-340
QT_PLUGIN_PATH=
LAPACKDIR=/opt/SalomeMeca/V2017.0.2/prerequisites/Lapack-350
GLADE_CATALOG_PATH=:
OMNIORBPY_DIR=/opt/SalomeMeca/V2017.0.2/prerequisites/Omniorbpy-36
GIBI_DIR=/opt/SalomeMeca/V2017.0.2/tools/Gibi-20008
CSF_MDTVTexturesDirectory=/opt/SalomeMeca/V2017.0.2/prerequisites/Occ-710p1/src/Textures
XDG_CURRENT_DESKTOP=XFCE
GTK_IM_MODULE=
CSF_GEOMDS_ResourcesDefaults=/tmp/logs/caelinux/env_2810
MED3HOME=/opt/SalomeMeca/V2017.0.2/tools/Medfichier-321
LC_TIME=de_CH.UTF-8
ASTER_ETC=/opt/SalomeMeca/V2017.0.2/tools/Code_aster_frontend-20170/etc
OMNIORB_DIR=/opt/SalomeMeca/V2017.0.2/prerequisites/Omniorb-416
MATPLOTLIB_HOME=/opt/SalomeMeca/V2017.0.2/prerequisites/Matplotlib-143
PYTHON_INCLUDE=/opt/SalomeMeca/V2017.0.2/prerequisites/Python-2710/include/python2.7
CSF_SHMessage=/opt/SalomeMeca/V2017.0.2/prerequisites/Occ-710p1/src/SHMessage
LC_NAME=de_CH.UTF-8
XAUTHORITY=/home/caelinux/.Xauthority
_=/usr/bin/env


>>> 2019/01/10-20:45:07.995  [AddToEnv@/opt/SalomeMeca/V2017.0.2/tools/Code_aster_frontend-20170/lib/python2.7/site-packages/asrun/system.py:817]
AddToEnv set : PYTHONPATH=.:/opt/SalomeMeca/V2017.0.2/tools/Code_aster_stable-v134_smeca/lib/aster:/home/A21173/smeca/yamm_build/V2017_0_2_build/prerequisites/install/Pkgconfig-110-py2710/lib/python2.7/site-packages/pkgconfig-1.1.0-py2.7.egg:/home/A21173/smeca/yamm_build/V2017_0_2_build/prerequisites/install/H5py-250-cyt0232-hdf51814-num192-py2710-set06c11/lib/python2.7/site-packages/h5py-2.5.0-py2.7-linux-x86_64.egg:/home/A21173/smeca/yamm_build/V2017_0_2_build/prerequisites/install/Matplotlib-143EDFp1-num192-pyqt560-py2710-set06c11/six-1.11.0-py2.7.egg:/home/A21173/smeca/yamm_build/V2017_0_2_build/prerequisites/install/Matplotlib-143EDFp1-num192-pyqt560-py2710-set06c11/lib/python2.7/site-packages/matplotlib-1.4.3-py2.7-linux-x86_64.egg:/home/A21173/smeca/yamm_build/V2017_0_2_build/prereq
[...]

>>> 2019/01/10-20:45:07.995  [AddToEnv@/opt/SalomeMeca/V2017.0.2/tools/Code_aster_frontend-20170/lib/python2.7/site-packages/asrun/system.py:817]
AddToEnv set : ASTER_LOCALEDIR=/opt/SalomeMeca/V2017.0.2/tools/Code_aster_stable-v134_smeca/share/locale/aster

>>> 2019/01/10-20:45:07.995  [AddToEnv@/opt/SalomeMeca/V2017.0.2/tools/Code_aster_frontend-20170/lib/python2.7/site-packages/asrun/system.py:817]
AddToEnv set : ASTER_DATADIR=/opt/SalomeMeca/V2017.0.2/tools/Code_aster_stable-v134_smeca/share/aster

>>> 2019/01/10-20:45:07.995  [AddToEnv@/opt/SalomeMeca/V2017.0.2/tools/Code_aster_frontend-20170/lib/python2.7/site-packages/asrun/system.py:817]
AddToEnv set : ASTER_LIBDIR=/opt/SalomeMeca/V2017.0.2/tools/Code_aster_stable-v134_smeca/lib/aster

>>> 2019/01/10-20:45:07.996  [AddToEnv@/opt/SalomeMeca/V2017.0.2/tools/Code_aster_frontend-20170/lib/python2.7/site-packages/asrun/system.py:817]
AddToEnv set : LD_LIBRARY_PATH=/opt/SalomeMeca/V2017.0.2/tools/Code_aster_frontend-20170/../Code_aster_stable-v134_smeca/share/aster/lib:/opt/SalomeMeca/V2017.0.2/prerequisites/Hdf5-1814/lib:/opt/SalomeMeca/V2017.0.2/prerequisites/Lapack-350/lib:/opt/SalomeMeca/V2017.0.2/tools/Medfichier-321/lib:/opt/SalomeMeca/V2017.0.2/prerequisites/Metis_aster-510_aster1/lib:/opt/SalomeMeca/V2017.0.2/prerequisites/Mfront-TFEL300/lib:/opt/SalomeMeca/V2017.0.2/prerequisites/Mumps-511_aster2/SEQ/lib:/opt/SalomeMeca/V2017.0.2/prerequisites/Mumps-511_aster2/SEQ/libseq:/opt/SalomeMeca/V2017.0.2/prerequisites/Python-2710/lib:/opt/SalomeMeca/V2017.0.2/prerequisites/Scotch_aster-604_aster6/SEQ/lib:/opt/SalomeMeca/V2017.0.2/tools/Code_aster_stable-v134_smeca/lib:/home/A21173/smeca/yamm_build/V2017_0_2_build/V2017
[...]

>>> 2019/01/10-20:45:07.996  [AddToEnv@/opt/SalomeMeca/V2017.0.2/tools/Code_aster_frontend-20170/lib/python2.7/site-packages/asrun/system.py:817]
AddToEnv set : ASTER_ELEMENTSDIR=/opt/SalomeMeca/V2017.0.2/tools/Code_aster_stable-v134_smeca/lib/aster

>>> 2019/01/10-20:45:07.996  [AddToEnv@/opt/SalomeMeca/V2017.0.2/tools/Code_aster_frontend-20170/lib/python2.7/site-packages/asrun/system.py:817]
AddToEnv set : PATH=/opt/SalomeMeca/V2017.0.2/prerequisites/Mfront-TFEL300/bin:/opt/SalomeMeca/V2017.0.2/prerequisites/Python-2710/bin:/opt/SalomeMeca/V2017.0.2/tools/Code_aster_frontend-20170/bin:/opt/SalomeMeca/V2017.0.2/tools/Code_aster_frontend-20170/outils:/home/caelinux/../../opt/SalomeMeca/appli_V2017.0.2/bin/salome:/opt/SalomeMeca/V2017.0.2/modules/ASTERSTUDY_201702/bin/salome:/opt/SalomeMeca/V2017.0.2/prerequisites/Tcl-8513/bin:/opt/SalomeMeca/V2017.0.2/prerequisites/Tk-8513/bin:/opt/SalomeMeca/V2017.0.2/prerequisites/Python-2710/bin:/opt/SalomeMeca/V2017.0.2/prerequisites/Sip-418/bin:/opt/SalomeMeca/V2017.0.2/prerequisites/Omniorb-416/bin:/opt/SalomeMeca/V2017.0.2/prerequisites/Hdf5-1814/bin:/opt/SalomeMeca/V2017.0.2/prerequisites/Cgnslib-3134/bin:/opt/SalomeMeca/V2017.0.2/prereq
[...]

>>> 2019/01/10-20:45:07.996  [RunAster@/opt/SalomeMeca/V2017.0.2/tools/Code_aster_frontend-20170/lib/python2.7/site-packages/asrun/execute.py:201]
set_rep_trav() > local=/tmp/caelinux-caelinux-interactif.24310, global=/tmp/caelinux-caelinux-interactif.24310

>>> 2019/01/10-20:45:08.003  [_dbg@/opt/SalomeMeca/V2017.0.2/tools/Code_aster_frontend-20170/lib/python2.7/site-packages/asrun/profil.py:46]
P memory_limit: 1024.0    P memjob: 1048576    A memjeveux: 128.0

>>> 2019/01/10-20:45:08.003  [_dbg@/opt/SalomeMeca/V2017.0.2/tools/Code_aster_frontend-20170/lib/python2.7/site-packages/asrun/profil.py:46]
P time_limit: 900.0    P tpsjob: 16    A tpmax: 900.0

>>> 2019/01/10-20:45:08.004  [RunAster@/opt/SalomeMeca/V2017.0.2/tools/Code_aster_frontend-20170/lib/python2.7/site-packages/asrun/execute.py:208]
source list : ('/tmp/astk_caelinux/caelinux-caelinux-profil_astk.24310',)
destination : export

>>> 2019/01/10-20:45:08.004  [RunAster@/opt/SalomeMeca/V2017.0.2/tools/Code_aster_frontend-20170/lib/python2.7/site-packages/asrun/execute.py:208]
cmd :
cp -L -r /tmp/astk_caelinux/caelinux-caelinux-profil_astk.24310 export
background : False
follow_output : False

>>> 2019/01/10-20:45:08.015  [RunAster@/opt/SalomeMeca/V2017.0.2/tools/Code_aster_frontend-20170/lib/python2.7/site-packages/asrun/execute.py:221]
source list : ('/tmp/astk_caelinux/caelinux-caelinux-profil_astk.24310',)
destination : /tmp/caelinux-caelinux-interactif.24310/24310.export

>>> 2019/01/10-20:45:08.015  [RunAster@/opt/SalomeMeca/V2017.0.2/tools/Code_aster_frontend-20170/lib/python2.7/site-packages/asrun/execute.py:221]
cmd :
cp -L -r /tmp/astk_caelinux/caelinux-caelinux-profil_astk.24310 /tmp/caelinux-caelinux-interactif.24310/24310.export
background : False
follow_output : False

>>> 2019/01/10-20:45:08.023  [RunAster@/opt/SalomeMeca/V2017.0.2/tools/Code_aster_frontend-20170/lib/python2.7/site-packages/asrun/execute.py:402]
Start make_etude/make_env/make_dbg action

--------------------------------------------------------------------------------
 Code_Aster execution

<INFO> prepare environment in /tmp/caelinux-caelinux-interactif.24310

--------------------------------------------------------------------------------
 Copying datas


>>> 2019/01/10-20:45:08.024  [copyfileD@/opt/SalomeMeca/V2017.0.2/tools/Code_aster_frontend-20170/lib/python2.7/site-packages/asrun/execution.py:566]
source list : (u'/tmp/salome_localres_workdir_caelinux/caelinux-caelinux-Don-10-204506.449/RunCase_2_Stage_1.comm',)
destination : fort.1.1

>>> 2019/01/10-20:45:08.025  [copyfileD@/opt/SalomeMeca/V2017.0.2/tools/Code_aster_frontend-20170/lib/python2.7/site-packages/asrun/execution.py:566]
cmd :
cp -L -r /tmp/salome_localres_workdir_caelinux/caelinux-caelinux-Don-10-204506.449/RunCase_2_Stage_1.comm fort.1.1
background : False
follow_output : False
copying .../caelinux-caelinux-Don-10-204506.449/RunCase_2_Stage_1.comm...
                                                                        
>>> 2019/01/10-20:45:08.035  [Shell@/opt/SalomeMeca/V2017.0.2/tools/Code_aster_frontend-20170/lib/python2.7/site-packages/asrun/system.py:517]
remote command ( <> caelinux and caelinux <> caelinux) ? False

>>> 2019/01/10-20:45:08.035  [_check_filetype@/opt/SalomeMeca/V2017.0.2/tools/Code_aster_frontend-20170/lib/python2.7/site-packages/asrun/system.py:708]
cmd :
file fort.1.1
background : False
follow_output : False

>>> 2019/01/10-20:45:08.047  [copyfileD@/opt/SalomeMeca/V2017.0.2/tools/Code_aster_frontend-20170/lib/python2.7/site-packages/asrun/execution.py:566]
source list : (u'/tmp/salome_localres_workdir_caelinux/caelinux-caelinux-Don-10-204506.449/_ExportedFromSalomeObject_0_1_2_3.med',)
destination : fort.20

>>> 2019/01/10-20:45:08.048  [copyfileD@/opt/SalomeMeca/V2017.0.2/tools/Code_aster_frontend-20170/lib/python2.7/site-packages/asrun/execution.py:566]
cmd :
cp -L -r /tmp/salome_localres_workdir_caelinux/caelinux-caelinux-Don-10-204506.449/_ExportedFromSalomeObject_0_1_2_3.med fort.20
background : False
follow_output : False
[  OK  ]
copying .../caelinux-caelinux-Don-10-204506.449/_ExportedFromSalomeObject_0_1_2_3.med...
                                                                        
>>> 2019/01/10-20:45:08.059  [Shell@/opt/SalomeMeca/V2017.0.2/tools/Code_aster_frontend-20170/lib/python2.7/site-packages/asrun/system.py:517]
remote command ( <> caelinux and caelinux <> caelinux) ? False

>>> 2019/01/10-20:45:08.059  [_check_filetype@/opt/SalomeMeca/V2017.0.2/tools/Code_aster_frontend-20170/lib/python2.7/site-packages/asrun/system.py:708]
cmd :
file fort.20
background : False
follow_output : False

>>> 2019/01/10-20:45:08.066  [execute@/opt/SalomeMeca/V2017.0.2/tools/Code_aster_frontend-20170/lib/python2.7/site-packages/asrun/execution.py:102]
version supports: waf (True), nosuperv (False), orbinitref (True), numthreads (True)
[  OK  ]
<INFO> Parameters : memory 1024 MB - time limit 900 s

--------------------------------------------------------------------------------
 Content of /tmp/caelinux-caelinux-interactif.24310 before execution


>>> 2019/01/10-20:45:08.075  [Shell@/opt/SalomeMeca/V2017.0.2/tools/Code_aster_frontend-20170/lib/python2.7/site-packages/asrun/system.py:517]
remote command ( <> caelinux and caelinux <> caelinux) ? False

>>> 2019/01/10-20:45:08.075  [execute@/opt/SalomeMeca/V2017.0.2/tools/Code_aster_frontend-20170/lib/python2.7/site-packages/asrun/execution.py:281]
cmd :
ls -la
background : False
follow_output : False

>>> 2019/01/10-20:45:08.087  [SetLimit@/opt/SalomeMeca/V2017.0.2/tools/Code_aster_frontend-20170/lib/python2.7/site-packages/asrun/system.py:946]
['core', 'RLIMIT_CORE', [-1, -1]]

>>> 2019/01/10-20:45:08.087  [execute@/opt/SalomeMeca/V2017.0.2/tools/Code_aster_frontend-20170/lib/python2.7/site-packages/asrun/execution.py:342]
source list : ('fort.1.1',)
destination : fort.1

>>> 2019/01/10-20:45:08.087  [execute@/opt/SalomeMeca/V2017.0.2/tools/Code_aster_frontend-20170/lib/python2.7/site-packages/asrun/execution.py:342]
cmd :
cp -L -r fort.1.1 fort.1
background : False
follow_output : False
total 204
drwx------  3 caelinux caelinux    140 Jan 10 20:45 .
drwxrwxrwt 18 root     root        620 Jan 10 20:45 ..
-rw-rw-r--  1 caelinux caelinux    855 Jan 10 20:45 24310.export
-rw-rw-r--  1 caelinux caelinux   3411 Jan 10 20:45 config.txt
-rw-rw-r--  1 caelinux caelinux   1170 Jan 10 20:45 fort.1.1
-rw-rw-r--  1 caelinux caelinux 196242 Jan 10 20:45 fort.20
drwxr-xr-x  2 caelinux caelinux     40 Jan 10 20:45 REPE_OUT


--------------------------------------------------------------------------------
 Code_Aster run

<INFO> Command line 1 :
<INFO> /opt/SalomeMeca/V2017.0.2/tools/Code_aster_stable-v134_smeca/bin/aster /opt/SalomeMeca/V2017.0.2/tools/Code_aster_stable-v134_smeca/lib/aster/Execution/E_SUPERV.py -commandes fort.1 --num_job=24310 --mode=interactif --rep_outils=/opt/SalomeMeca/V2017.0.2/tools/Code_aster_frontend-20170/outils --rep_mat=/opt/SalomeMeca/V2017.0.2/tools/Code_aster_frontend-20170/../Code_aster_stable-v134_smeca/share/aster/materiau --rep_dex=/opt/SalomeMeca/V2017.0.2/tools/Code_aster_frontend-20170/../Code_aster_stable-v134_smeca/share/aster/datg --numthreads=1 --suivi_batch --memjeveux=128.0 --tpmax=900.0

>>> 2019/01/10-20:45:08.097  [Shell@/opt/SalomeMeca/V2017.0.2/tools/Code_aster_frontend-20170/lib/python2.7/site-packages/asrun/system.py:517]
remote command ( <> caelinux and caelinux <> caelinux) ? False

>>> 2019/01/10-20:45:08.097  [execute@/opt/SalomeMeca/V2017.0.2/tools/Code_aster_frontend-20170/lib/python2.7/site-packages/asrun/execution.py:373]
cmd :
( /opt/SalomeMeca/V2017.0.2/tools/Code_aster_stable-v134_smeca/bin/aster /opt/SalomeMeca/V2017.0.2/tools/Code_aster_stable-v134_smeca/lib/aster/Execution/E_SUPERV.py -commandes fort.1 --num_job=24310 --mode=interactif --rep_outils=/opt/SalomeMeca/V2017.0.2/tools/Code_aster_frontend-20170/outils --rep_mat=/opt/SalomeMeca/V2017.0.2/tools/Code_aster_frontend-20170/../Code_aster_stable-v134_smeca/share/aster/materiau --rep_dex=/opt/SalomeMeca/V2017.0.2/tools/Code_aster_frontend-20170/../Code_aster_stable-v134_smeca/share/aster/datg --numthreads=1 --suivi_batch --memjeveux=128.0 --tpmax=900.0 ; echo EXECUTION_CODE_ASTER_EXIT_24310=$? ) | tee fort.6 ; exit `grep -a EXECUTION_CODE_ASTER_EXIT_24310 fort.6 | head -1 | sed -e 's/EXECUTION_CODE_ASTER_EXIT_24310=//'`
background : False
follow_output : True
/opt/SalomeMeca/V2017.0.2/tools/Code_aster_stable-v134_smeca/lib/aster/aster_settings.py:244: DeprecationWarning: this command line option is deprecated : --rep_outils
  coreopts.parse_args(argv or sys.argv)
# ------------------------------------------------------------------------------------------
# Impression du contenu du fichier de commandes à exécuter :
# ------------------------------------------------------------------------------------------
DEBUT()


mesh = LIRE_MAILLAGE(UNITE=20)

mesh = MODI_MAILLAGE(
    reuse=mesh, MAILLAGE=mesh, ORIE_PEAU_3D=_F(GROUP_MA=('top', ))
)

model = AFFE_MODELE(
    AFFE=_F(MODELISATION=('DKT', ), PHENOMENE='MECANIQUE', TOUT='OUI'),
    MAILLAGE=mesh
)

elemprop = AFFE_CARA_ELEM(
    COQUE=(
        _F(EPAIS=8.0, GROUP_MA=('top', 'bottom')),
        _F(EPAIS=5.0, GROUP_MA=('flange', ), VECTEUR=(0.0, 0.0, 1.0))
    ),
    MODELE=model
)

STEEL = DEFI_MATERIAU(ELAS=_F(E=200000.0, NU=0.3))

fieldmat = AFFE_MATERIAU(AFFE=_F(MATER=(STEEL, ), TOUT='OUI'), MODELE=model)

bc = AFFE_CHAR_MECA(
    DDL_IMPO=_F(DRX=0.0, DRY=0.0, DX=0.0, DY=0.0, DZ=0.0, GROUP_NO=('node0', )),
    LIAISON_UNIF=_F(DDL=('DX', 'DY', 'DZ'), GROUP_NO=('end1', )),
    MODELE=model
)

load0 = AFFE_CHAR_MECA(MODELE=model, PRES_REP=_F(GROUP_MA=('top', ), PRES=0.1))

reslin = MECA_STATIQUE(
    CARA_ELEM=elemprop,
    CHAM_MATER=fieldmat,
    EXCIT=(_F(CHARGE=load0), _F(CHARGE=bc)),
    MODELE=model
)

reslin = CALC_CHAMP(
    reuse=reslin,
    CONTRAINTE=('SIGM_ELGA', 'SIEF_ELNO'),
    CRITERES=('SIEQ_ELGA', 'SIEQ_ELNO'),
    RESULTAT=reslin
)

IMPR_RESU(RESU=_F(RESULTAT=reslin), UNITE=80)

FIN()
# ------------------------------------------------------------------------------------------

  Ouverture en écriture du fichier ./vola.1
                                                                                
                                                                                
              -- CODE_ASTER -- VERSION : EXPLOITATION (stable) --               
                                                                                
                     Version 13.4.0 modifiée le 24/10/2017                      
                     révision d3b9d70df6c4 - branche 'v13'                      
                         Copyright EDF R&D 1991 - 2019                          
                                                                                
                    Exécution du : Thu Jan 10 20:45:09 2019                     
                          Nom de la machine : caelinux                          
                              Architecture : 64bit                              
                          Type de processeur : x86_64                           
      Système d'exploitation : Linux debian stretch/sid  4.10.0-35-generic      
                        Langue des messages : en (UTF-8)                        
                                                                                
                           Version de Python : 2.7.10                           
                            Version de NumPy : 1.9.2                            
                           Parallélisme MPI : inactif                           
                          Parallélisme OpenMP : actif                           
                        Nombre de processus utilisés : 1                        
                     Version de la librairie HDF5 : 1.8.14                      
                      Version de la librairie MED : 3.2.1                       
                     Version de la librairie MFront : 3.0.0                     
                     Version de la librairie MUMPS : 5.1.1                      
                        Librairie PETSc : non disponible                        
                     Version de la librairie SCOTCH : 6.0.4                     

                  Mémoire limite pour l'exécution : 1024.00 Mo                  
                   consommée par l'initialisation : 531.41 Mo                   
                  par les objets du jeu de commandes : 2.03 Mo                  
                 reste pour l'allocation dynamique : 490.56 Mo                  
                Taille limite des fichiers d'échange : 12.00 Go                 
                                                                                

  # ------------------------------------------------------------------------------------------
  # Commande No :  0001            Concept de type : -
  # ------------------------------------------------------------------------------------------
  DEBUT(INFO=1,
        PAR_LOT='OUI',
        IMPR_MACRO='NON',
        DEBUG=_F(JEVEUX='NON',
                 JXVERI='NON',
                 HIST_ETAPE='NON',
                 SDVERI='NON',),
        MEMOIRE=_F(TAILLE_BLOC=800.0,
                   TAILLE_GROUP_ELEM=1000,),
        RESERVE_CPU=_F(BORNE=900,),
        MESURE_TEMPS=_F(MOYENNE='NON',
                        NIVE_DETAIL=1,),
        )


  Valeur initiale du temps CPU maximum =   900 secondes
  Valeur du temps CPU maximum passé aux commandes =   810 secondes
  Réserve CPU prévue = 90 secondes

  Ouverture en écriture du fichier ./glob.1

  Ouverture en écriture du fichier ./vola.1

  Ouverture en lecture du fichier /opt/SalomeMeca/V2017.0.2/tools/Code_aster_stable-v134_smeca/lib/aster/elem.1

     Nom de la base                          :  ELEMBASE
     Créée avec la version                   :  13.04.00
     Nombre d'enregistrements utilisés       :  44
     Nombre d'enregistrements maximum        :  512
     Longueur d'enregistrement (octets)      :  819200
     Nombre d'identificateurs utilisés       :  123
     Taille maximum du répertoire            :  300
     Pourcentage d'utilisation du répertoire :  41 %

  Ouverture en lecture du fichier /opt/SalomeMeca/V2017.0.2/tools/Code_aster_stable-v134_smeca/lib/aster/elem.1


     Nom de la base                          :  ELEMBASE
     Nombre d'enregistrements utilisés       :  44
     Nombre d'enregistrements maximum        :  512
     Longueur d'enregistrement (octets)      :  819200
     Nombre total d'accès en lecture         :  62
     Volume des accès en lecture             :         48.44 Mo.
     Nombre total d'accès en écriture        :  0
     Volume des accès en écriture            :          0.00 Mo.
     Nombre d'identificateurs utilisés       :  123
     Taille maximum du répertoire            :  300
     Pourcentage d'utilisation du répertoire :  41 %

  Relecture des catalogues des éléments faite.

  Fin de lecture (durée  0.026940  s.) 
  # Mémoire (Mo) :   578.72 /   570.94 /    44.66 /    23.16 (VmPeak / VmSize / Optimum / Minimum)
  # Fin commande No : 0001   user+syst:        0.04s (syst:        0.02s, elaps:        0.04s)
  # ------------------------------------------------------------------------------------------

  # ------------------------------------------------------------------------------------------
  # Commande No :  0002            Concept de type : maillage_sdaster
  # ------------------------------------------------------------------------------------------
  mesh = LIRE_MAILLAGE(UNITE=20,
                       INFO_MED=1,
                       INFO=1,
                       FORMAT='MED',
                       VERI_MAIL=_F(APLAT=1.E-3,
                                    VERIF='OUI',),
                       )

Vérification du maillage.

------------ MAILLAGE mesh     - IMPRESSIONS NIVEAU  1 ------------

JE-10-JANV-2019 20:45:09                                                        

NOMBRE DE NOEUDS                        3131

NOMBRE DE MAILLES                       3660
                              SEG2                  660
                              QUAD4                3000

NOMBRE DE GROUPES DE NOEUDS                2
                              end1                                31
                              node0                                1

NOMBRE DE GROUPES DE MAILLES               3
                              top                               1000
                              bottom                            1000
                              flange                            1000

--------------------------------------------------------------------------------

  # Mémoire (Mo) :   578.72 /   572.42 /    44.66 /    23.16 (VmPeak / VmSize / Optimum / Minimum)
  # Fin commande No : 0002   user+syst:        0.02s (syst:        0.01s, elaps:        0.02s)
  # ------------------------------------------------------------------------------------------

  # ------------------------------------------------------------------------------------------
  # Commande No :  0003            Concept de type : maillage_sdaster
  # ------------------------------------------------------------------------------------------
  mesh = MODI_MAILLAGE(reuse=mesh,
                       MAILLAGE=mesh,
                       ORIE_PEAU_3D=_F(GROUP_MA=('top', ),),
                       INFO=1,)

TRAITEMENT DU GROUP_MA: top                      DE    1000 MAILLES
                              0 MAILLE(S) ONT ETE ORIENTEE(S)
                           1000 MAILLE(S) N'ONT PAS ETE TRAITEE(S) 
  # Mémoire (Mo) :   578.72 /   572.42 /    44.66 /    23.16 (VmPeak / VmSize / Optimum / Minimum)
  # Fin commande No : 0003   user+syst:        0.01s (syst:        0.00s, elaps:        0.00s)
  # ------------------------------------------------------------------------------------------

  # ------------------------------------------------------------------------------------------
  # Commande No :  0004            Concept de type : modele_sdaster
  # ------------------------------------------------------------------------------------------
  model = AFFE_MODELE(MAILLAGE=mesh,
                      AFFE=_F(PHENOMENE='MECANIQUE',
                              TOUT='OUI',
                              MODELISATION=('DKT', ),),
                      INFO=1,
                      VERI_JACOBIEN='OUI',
                      DISTRIBUTION=_F(PARTITIONNEUR='METIS',
                                      METHODE='SOUS_DOMAINE',),
                      )


Sur les 3660 mailles du maillage mesh, on a demandé l'affectation de 3660, on a pu en affecter 3660
 Modélisation     Type maille  Élément fini     Nombre
                  SEG2         MEBODKT          660
 DKT              QUAD4        MEDKQU4          3000
#2      Calculs elementaires et assemblages               CPU (USER+SYST/SYST/ELAPS):      0.00      0.00      0.00
  # Mémoire (Mo) :   605.40 /   605.34 /    44.66 /    34.21 (VmPeak / VmSize / Optimum / Minimum)
  # Fin commande No : 0004   user+syst:        0.01s (syst:        0.00s, elaps:        0.02s)
  # ------------------------------------------------------------------------------------------

  # ------------------------------------------------------------------------------------------
  # Commande No :  0005            Concept de type : cara_elem
  # ------------------------------------------------------------------------------------------
  elemprop = AFFE_CARA_ELEM(MODELE=model,
                            COQUE=(_F(EPAIS=8.0,
                                      GROUP_MA=('top', 'bottom'),
                                      MODI_METRIQUE='NON',
                                      A_CIS=0.8333333,
                                      COEF_RIGI_DRZ=1.E-05,
                                      COQUE_NCOU=1,),
                                   _F(EPAIS=5.0,
                                      GROUP_MA=('flange', ),
                                      VECTEUR=(0.0, 0.0, 1.0),
                                      MODI_METRIQUE='NON',
                                      A_CIS=0.8333333,
                                      COEF_RIGI_DRZ=1.E-05,
                                      COQUE_NCOU=1,),
                                   ),
                            INFO=1,)


     LE MODELE model    CONTIENT : 
                                     3660 ELEMENT(S) COQUE           
#2      Calculs elementaires et assemblages               CPU (USER+SYST/SYST/ELAPS):      0.00      0.00      0.00
  # Mémoire (Mo) :   608.71 /   608.71 /    44.66 /    34.24 (VmPeak / VmSize / Optimum / Minimum)
  # Fin commande No : 0005   user+syst:        0.02s (syst:        0.00s, elaps:        0.03s)
  # ------------------------------------------------------------------------------------------

  # ------------------------------------------------------------------------------------------
  # Commande No :  0007            Concept de type : mater_sdaster
  # ------------------------------------------------------------------------------------------
  STEEL = DEFI_MATERIAU(ELAS=_F(E=2.E5,
                                NU=0.3,
                                COEF_AMOR=1.0,),
                        INFO=1,)


 MATERIAU : STEEL   
 RELATION DE COMPORTEMENT: ELAS                            


  # Mémoire (Mo) :   608.71 /   608.71 /    44.66 /    34.24 (VmPeak / VmSize / Optimum / Minimum)
  # Fin commande No : 0007   user+syst:        0.00s (syst:        0.00s, elaps:        0.00s)
  # ------------------------------------------------------------------------------------------

  # ------------------------------------------------------------------------------------------
  # Commande No :  0008            Concept de type : cham_mater
  # ------------------------------------------------------------------------------------------
  fieldmat = AFFE_MATERIAU(MODELE=model,
                           AFFE=_F(MATER=(STEEL, ),
                                   TOUT='OUI',),
                           INFO=1,
                           )

  # Mémoire (Mo) :   608.71 /   608.71 /    44.66 /    34.24 (VmPeak / VmSize / Optimum / Minimum)
  # Fin commande No : 0008   user+syst:        0.00s (syst:        0.00s, elaps:        0.01s)
  # ------------------------------------------------------------------------------------------

  # ------------------------------------------------------------------------------------------
  # Commande No :  0009            Concept de type : char_meca
  # ------------------------------------------------------------------------------------------
  bc = AFFE_CHAR_MECA(MODELE=model,
                      DDL_IMPO=_F(DRY=0.0,
                                  DRX=0.0,
                                  GROUP_NO=('node0', ),
                                  DZ=0.0,
                                  DX=0.0,
                                  DY=0.0,),
                      LIAISON_UNIF=_F(GROUP_NO=('end1', ),
                                      DDL=('DX', 'DY', 'DZ'),),
                      INFO=1,
                      VERI_NORM='OUI',)

  # Mémoire (Mo) :   608.71 /   608.71 /    44.66 /    34.24 (VmPeak / VmSize / Optimum / Minimum)
  # Fin commande No : 0009   user+syst:        0.01s (syst:        0.00s, elaps:        0.00s)
  # ------------------------------------------------------------------------------------------

  # ------------------------------------------------------------------------------------------
  # Commande No :  0010            Concept de type : char_meca
  # ------------------------------------------------------------------------------------------
  load0 = AFFE_CHAR_MECA(MODELE=model,
                         PRES_REP=_F(GROUP_MA=('top', ),
                                     PRES=0.1,),
                         INFO=1,
                         VERI_NORM='OUI',)

  # Mémoire (Mo) :   608.71 /   608.71 /    44.66 /    34.24 (VmPeak / VmSize / Optimum / Minimum)
  # Fin commande No : 0010   user+syst:        0.02s (syst:        0.00s, elaps:        0.02s)
  # ------------------------------------------------------------------------------------------

  # ------------------------------------------------------------------------------------------
  # Commande No :  0011            Concept de type : evol_elas
  # ------------------------------------------------------------------------------------------
  reslin = MECA_STATIQUE(CARA_ELEM=elemprop,
                         CHAM_MATER=fieldmat,
                         MODELE=model,
                         EXCIT=(_F(CHARGE=load0,
                                   TYPE_CHARGE='FIXE_CSTE',),
                                _F(CHARGE=bc,
                                   TYPE_CHARGE='FIXE_CSTE',),
                                ),
                         INFO=1,
                         OPTION='SIEF_ELGA',
                         SOLVEUR=_F(RENUM='METIS',
                                    STOP_SINGULIER='OUI',
                                    ELIM_LAGR='NON',
                                    NPREC=8,
                                    METHODE='MULT_FRONT',),
                         )


Le système linéaire à résoudre a 18976 degrés de liberté:
   - 18786 sont des degrés de liberté physiques
     (ils sont portés par 3131 noeuds du maillage)
   - 190 sont les couples de paramètres de Lagrange associés
     aux 95 relations linéaires dualisées.

La matrice est de taille 18976 équations.
Elle contient 504936 termes non nuls si elle est symétrique et 990896 termes non nuls si elle n'est pas symétrique.
Soit un taux de remplissage de   0.275 %.
   CHAMP STOCKE :             DEPL INSTANT :  0.00000E+00  NUMERO D'ORDRE :     1
#1      Resolution des systemes lineaires                 CPU (USER+SYST/SYST/ELAPS):      0.22      0.02      0.25
#2      Calculs elementaires et assemblages               CPU (USER+SYST/SYST/ELAPS):      0.13      0.00      0.14
  # Mémoire (Mo) :   649.67 /   614.99 /    76.84 /    39.18 (VmPeak / VmSize / Optimum / Minimum)
  # Fin commande No : 0011   user+syst:        0.38s (syst:        0.04s, elaps:        0.47s)
  # ------------------------------------------------------------------------------------------

  # ------------------------------------------------------------------------------------------
  # Commande No :  0012            Concept de type : evol_elas
  # ------------------------------------------------------------------------------------------
  reslin = CALC_CHAMP(reuse=reslin,
                      RESULTAT=reslin,
                      PRECISION=1.E-06,
                      CRITERES=('SIEQ_ELGA', 'SIEQ_ELNO'),
                      CONTRAINTE=('SIGM_ELGA', 'SIEF_ELNO'),
                      INFO=1,
                      CRITERE='RELATIF',)

#2      Calculs elementaires et assemblages               CPU (USER+SYST/SYST/ELAPS):      0.13      0.01      0.12
  # Mémoire (Mo) :   649.67 /   627.63 /    76.84 /    42.89 (VmPeak / VmSize / Optimum / Minimum)
  # Fin commande No : 0012   user+syst:        0.13s (syst:        0.01s, elaps:        0.13s)
  # ------------------------------------------------------------------------------------------

  # ------------------------------------------------------------------------------------------
  # Commande No :  0013            Concept de type : -
  # ------------------------------------------------------------------------------------------
  IMPR_RESU(RESU=_F(RESULTAT=reslin,
                    INFO_MAILLAGE='NON',
                    IMPR_NOM_VARI='OUI',),
            UNITE=80,
            INFO=1,
            PROC0='OUI',
            FORMAT='MED',)

  # Mémoire (Mo) :   649.67 /   627.63 /    76.84 /    42.89 (VmPeak / VmSize / Optimum / Minimum)
  # Fin commande No : 0013   user+syst:        0.18s (syst:        0.01s, elaps:        0.20s)
  # ------------------------------------------------------------------------------------------

  # ------------------------------------------------------------------------------------------
  # Commande No :  0014            Concept de type : -
  # ------------------------------------------------------------------------------------------
  FIN(INFO_RESU='OUI',
      RETASSAGE='NON',
      FORMAT_HDF='NON',
      PROC0='OUI',)

   
   !-------------------------------------------------------------------------!
   ! <I> <CATAMESS_89>                                                       !
   !                                                                         !
   !     Liste des alarmes émises lors de l'exécution du calcul.             !
   !                                                                         !
   !     Les alarmes que vous avez choisies d'ignorer sont précédées de (*). !
   !     Nombre d'occurrences pour chacune des alarmes :                     !
   !            aucune alarme                                                !
   !-------------------------------------------------------------------------!
   

 ======>

 STRUCTURE DU CONCEPT reslin   CALCULE POUR 1 NUMERO D'ORDRE

 LISTE DES NOMS SYMBOLIQUES:
 ! ---------- !----------------!----------------!----------------!----------------!----------------!----------------!
 ! NUME_ORDRE !      DEPL      !   SIEF_ELGA    !   SIGM_ELGA    !   SIEF_ELNO    !   SIEQ_ELGA    !   SIEQ_ELNO    !
 ! ---------- !----------------!----------------!----------------!----------------!----------------!----------------!
 !          1 !     DEPL_R     !     SIEF_R     !     SIEF_R     !     SIEF_R     !     SIEF_R     !     SIEF_R     !
 ! ---------- !----------------!----------------!----------------!----------------!----------------!----------------!

 LISTE DES NOMS DE VARIABLES D'ACCES:
                                      INST             DE TYPE  R

 LISTE DES NOMS DE PARAMETRES:
 ! ---------- !----------------!----------------!----------------!----------------!----------------!----------------!----------------!----------------!
 ! NUME_ORDRE !    CARAELEM    !    CHAMPMAT    !     EXCIT      !   ITER_GCPC    !    METHODE     !     MODELE     !     RENUM      !    STOCKAGE    !
 ! ---------- !----------------!----------------!----------------!----------------!----------------!----------------!----------------!----------------!
 !          1 !       K8       !       K8       !      K24       !       I        !      K16       !       K8       !      K16       !      K16       !
 ! ---------- !----------------!----------------!----------------!----------------!----------------!----------------!----------------!----------------!
 ---------------------------------------------------------------------------
 Concepts de la base: G
    Nom       Type                 Taille (Mo)         Nombre      Nombre de
                                                     d'objets       segments
    TOTAL                                44.10            178            314
  
    mesh       MAILLAGE_SDASTER           0.44             36             62
    model      MODELE_SDASTER             0.23              8             13
    elemprop   CARA_ELEM                  0.12             10             15
    STEEL      MATER_SDASTER              0.00              5              5
    fieldmat   CHAM_MATER                 0.00              6             11
    bc         CHAR_MECA                  0.18             23             43
    load0      CHAR_MECA                  0.01              8             13
    reslin     EVOL_ELAS                 15.51             37             46
    &FOZERO                               0.00              2              2
    &&_NUM_C                              0.00              1              1
    &CATA.AC                              0.00              2              4
    &CATA.CL                              0.86              1              3
    &CATA.GD                              0.14              4             11
    &CATA.ME                              0.20              2              4
    &CATA.OP                              0.32              4             19
    &CATA.PH                              0.00              1              1
    &CATA.PR                              0.00              2              4
    &CATA.TE                             26.07             17             42
    &CATA.TH                              0.01              2              4
    &CATA.TM                              0.01              7             11
 ---------------------------------------------------------------------------


     Nom de la base                          :  GLOBALE
     Nombre d'enregistrements utilisés       :  71
     Nombre d'enregistrements maximum        :  62914
     Longueur d'enregistrement (octets)      :  819200
     Nombre total d'accès en lecture         :  7
     Volume des accès en lecture             :          5.47 Mo.
     Nombre total d'accès en écriture        :  85
     Volume des accès en écriture            :         66.41 Mo.
     Nombre d'identificateurs utilisés       :  367
     Taille maximum du répertoire            :  2000
     Pourcentage d'utilisation du répertoire :  18 %


     Nom de la base                          :  VOLATILE
     Nombre d'enregistrements utilisés       :  3
     Nombre d'enregistrements maximum        :  62914
     Longueur d'enregistrement (octets)      :  819200
     Nombre total d'accès en lecture         :  0
     Volume des accès en lecture             :          0.00 Mo.
     Nombre total d'accès en écriture        :  4
     Volume des accès en écriture            :          3.12 Mo.
     Nombre d'identificateurs utilisés       :  706
     Taille maximum du répertoire            :  2000
     Pourcentage d'utilisation du répertoire :  35 %

 <FIN> Arrêt normal dans "FIN".

 La mémoire demandée au lancement est surestimée, elle est de 1024.00 Mo.
 Le pic mémoire utilisée est de 649.67 Mo.



     Nom de la base                          :  ELEMBASE
     Nombre d'enregistrements utilisés       :  44
     Nombre d'enregistrements maximum        :  512
     Longueur d'enregistrement (octets)      :  819200
     Nombre total d'accès en lecture         :  62
     Volume des accès en lecture             :         48.44 Mo.
     Nombre total d'accès en écriture        :  0
     Volume des accès en écriture            :          0.00 Mo.
     Nombre d'identificateurs utilisés       :  123
     Taille maximum du répertoire            :  300
     Pourcentage d'utilisation du répertoire :  41 %
  
 <I>       FERMETURE DES BASES EFFECTUEE
  
   STATISTIQUES CONCERNANT L'ALLOCATION DYNAMIQUE :
     TAILLE CUMULEE MAXIMUM            :                   77  Mo.
     TAILLE CUMULEE LIBEREE            :                   31  Mo.
     NOMBRE TOTAL D'ALLOCATIONS        :                12874
     NOMBRE TOTAL DE LIBERATIONS       :                12854
     APPELS AU MECANISME DE LIBERATION :                    0
     TAILLE MEMOIRE CUMULEE RECUPEREE  :                    0  Mo.
     VOLUME DES LECTURES               :                    0  Mo.
     VOLUME DES ECRITURES              :                    0  Mo.
  
   MEMOIRE JEVEUX MINIMALE REQUISE POUR L'EXECUTION :      42.89 Mo
     - IMPOSE DE NOMBREUX ACCES DISQUE
     - RALENTIT LA VITESSE D'EXECUTION
   MEMOIRE JEVEUX OPTIMALE REQUISE POUR L'EXECUTION :      76.84 Mo
     - LIMITE LES ACCES DISQUE
     - AMELIORE LA VITESSE D'EXECUTION
   MAXIMUM DE MEMOIRE UTILISEE PAR LE PROCESSUS     :     649.67 Mo
     - COMPREND LA MEMOIRE CONSOMMEE PAR  JEVEUX, 
       LE SUPERVISEUR PYTHON, LES LIBRAIRIES EXTERNES
  
 <I>       FIN D'EXECUTION LE : JE-10-JANV-2019 20:45:10


  <I> Informations sur les temps d'exécution
      Temps cpu user total                    1.19 s
      Temps cpu systeme total                 0.17 s
      Temps elapsed total                     1.55 s
      Temps restant                         808.45 s


  La signature de la base sauvegardée est (à l'adresse 0) :
    61ede0dea2c510718d8610115b450652349a00bf

 ********************************************************************************
 * COMMAND                  :       USER :     SYSTEM :   USER+SYS :    ELAPSED *
 ********************************************************************************
 * init (jdc)               :       0.44 :       0.06 :       0.50 :       0.54 *
 *  . compile               :       0.00 :       0.00 :       0.00 :       0.00 *
 *  . exec_compile          :       0.05 :       0.00 :       0.05 :       0.06 *
 *  . report                :       0.01 :       0.00 :       0.01 :       0.00 *
 *  . build                 :       0.00 :       0.00 :       0.00 :       0.00 *
 * DEBUT                    :       0.02 :       0.02 :       0.04 :       0.04 *
 * LIRE_MAILLAGE            :       0.01 :       0.01 :       0.02 :       0.02 *
 * MODI_MAILLAGE            :       0.01 :       0.00 :       0.01 :       0.00 *
 * AFFE_MODELE              :       0.01 :       0.00 :       0.01 :       0.02 *
 * AFFE_CARA_ELEM           :       0.02 :       0.00 :       0.02 :       0.03 *
 * DEFI_MATERIAU            :       0.00 :       0.00 :       0.00 :       0.00 *
 * AFFE_MATERIAU            :       0.00 :       0.00 :       0.00 :       0.01 *
 * AFFE_CHAR_MECA           :       0.01 :       0.00 :       0.01 :       0.00 *
 * AFFE_CHAR_MECA           :       0.02 :       0.00 :       0.02 :       0.02 *
 * MECA_STATIQUE            :       0.34 :       0.04 :       0.38 :       0.47 *
 * CALC_CHAMP               :       0.12 :       0.01 :       0.13 :       0.13 *
 * IMPR_RESU                :       0.17 :       0.01 :       0.18 :       0.20 *
 * FIN                      :       0.01 :       0.02 :       0.03 :       0.05 *
 *  . part Superviseur      :       0.47 :       0.08 :       0.55 :       0.64 *
 *  . part Fortran          :       0.72 :       0.09 :       0.81 :       0.91 *
 ********************************************************************************
 * TOTAL_JOB                :       1.19 :       0.17 :       1.36 :       1.55 *
 ********************************************************************************

EXECUTION_CODE_ASTER_EXIT_24310=0

>>> 2019/01/10-20:45:10.994  [_diag_erre@/opt/SalomeMeca/V2017.0.2/tools/Code_aster_frontend-20170/lib/python2.7/site-packages/asrun/build.py:1434]
n_debut=1, n_fin=1, mess=False : ok=True

>>> 2019/01/10-20:45:10.994  [_diag_erre@/opt/SalomeMeca/V2017.0.2/tools/Code_aster_frontend-20170/lib/python2.7/site-packages/asrun/build.py:1435]
alarm=False, errs=False, fatal=False, exitcode=0

>>> 2019/01/10-20:45:10.994  [getDiag@/opt/SalomeMeca/V2017.0.2/tools/Code_aster_frontend-20170/lib/python2.7/site-packages/asrun/build.py:1539]
Fichier : fort.9
_diag_erre : OK

>>> 2019/01/10-20:45:10.995  [getDiag@/opt/SalomeMeca/V2017.0.2/tools/Code_aster_frontend-20170/lib/python2.7/site-packages/asrun/build.py:1555]
Fichier : fort.8
_diag_resu : OK

>>> 2019/01/10-20:45:10.998  [_diag_erre@/opt/SalomeMeca/V2017.0.2/tools/Code_aster_frontend-20170/lib/python2.7/site-packages/asrun/build.py:1434]
n_debut=1, n_fin=0, mess=True : ok=True

>>> 2019/01/10-20:45:10.998  [_diag_erre@/opt/SalomeMeca/V2017.0.2/tools/Code_aster_frontend-20170/lib/python2.7/site-packages/asrun/build.py:1435]
alarm=False, errs=False, fatal=False, exitcode=0

>>> 2019/01/10-20:45:10.998  [getDiag@/opt/SalomeMeca/V2017.0.2/tools/Code_aster_frontend-20170/lib/python2.7/site-packages/asrun/build.py:1557]
Fichier : fort.6
_diag_erre : OK
<INFO> Code_Aster run ended, diagnostic : OK

--------------------------------------------------------------------------------
 Content of /tmp/caelinux-caelinux-interactif.24310 after execution


>>> 2019/01/10-20:45:10.999  [Shell@/opt/SalomeMeca/V2017.0.2/tools/Code_aster_frontend-20170/lib/python2.7/site-packages/asrun/system.py:517]
remote command ( <> caelinux and caelinux <> caelinux) ? False

>>> 2019/01/10-20:45:10.999  [execute@/opt/SalomeMeca/V2017.0.2/tools/Code_aster_frontend-20170/lib/python2.7/site-packages/asrun/execution.py:488]
cmd :
ls -la . REPE_OUT
background : False
follow_output : False
.:
total 74016
drwx------  3 caelinux caelinux      340 Jan 10 20:45 .
drwxrwxrwt 18 root     root          620 Jan 10 20:45 ..
-rw-rw-r--  1 caelinux caelinux      855 Jan 10 20:45 24310.export
-rw-rw-r--  1 caelinux caelinux     3411 Jan 10 20:45 config.txt
-rw-rw-r--  1 caelinux caelinux     1170 Jan 10 20:45 fort.1
-rw-rw-r--  1 caelinux caelinux     1170 Jan 10 20:45 fort.1.1
-rw-rw-r--  1 caelinux caelinux        0 Jan 10 20:45 fort.15
-rw-rw-r--  1 caelinux caelinux   196242 Jan 10 20:45 fort.20
-rw-rw-r--  1 caelinux caelinux    29784 Jan 10 20:45 fort.6
-rw-rw-r--  1 caelinux caelinux     5160 Jan 10 20:45 fort.8
-rw-rw-r--  1 caelinux caelinux 11016751 Jan 10 20:45 fort.80
-rw-rw-r--  1 caelinux caelinux     2747 Jan 10 20:45 fort.9
-rw-rw-r--  1 caelinux caelinux 58163208 Jan 10 20:45 glob.1
-rw-rw-r--  1 caelinux caelinux       44 Jan 10 20:45 info_cpu
-rw-rw-r--  1 caelinux caelinux  4697671 Jan 10 20:45 pick.1
drwxr-xr-x  2 caelinux caelinux       40 Jan 10 20:45 REPE_OUT
-rw-rw-r--  1 caelinux caelinux  2457608 Jan 10 20:45 vola.1

REPE_OUT:
total 0
drwxr-xr-x 2 caelinux caelinux  40 Jan 10 20:45 .
drwx------ 3 caelinux caelinux 340 Jan 10 20:45 ..


--------------------------------------------------------------------------------
 Size of bases

<INFO> size of vola.1 :      2457608 bytes
<INFO> size of glob.1 :     58163208 bytes
<INFO> size of pick.1 :      4697671 bytes

--------------------------------------------------------------------------------
 Copying results


>>> 2019/01/10-20:45:11.010  [copyfileR@/opt/SalomeMeca/V2017.0.2/tools/Code_aster_frontend-20170/lib/python2.7/site-packages/asrun/execution.py:665]
source list : ('fort.80',)
destination : /tmp/salome_localres_workdir_caelinux/caelinux-caelinux-Don-10-204506.449/2beam2_res.rmed

>>> 2019/01/10-20:45:11.010  [copyfileR@/opt/SalomeMeca/V2017.0.2/tools/Code_aster_frontend-20170/lib/python2.7/site-packages/asrun/execution.py:665]
cmd :
cp -L -r fort.80 /tmp/salome_localres_workdir_caelinux/caelinux-caelinux-Don-10-204506.449/2beam2_res.rmed
background : False
follow_output : False
copying .../fort.80...                                                  
>>> 2019/01/10-20:45:11.025  [copyfileR@/opt/SalomeMeca/V2017.0.2/tools/Code_aster_frontend-20170/lib/python2.7/site-packages/asrun/execution.py:665]
source list : ('fort.6',)
destination : /tmp/salome_localres_workdir_caelinux/caelinux-caelinux-Don-10-204506.449/message

>>> 2019/01/10-20:45:11.025  [copyfileR@/opt/SalomeMeca/V2017.0.2/tools/Code_aster_frontend-20170/lib/python2.7/site-packages/asrun/execution.py:665]
cmd :
cp -L -r fort.6 /tmp/salome_localres_workdir_caelinux/caelinux-caelinux-Don-10-204506.449/message
background : False
follow_output : False
[  OK  ]
copying .../fort.6...                                                   
>>> 2019/01/10-20:45:11.036  [Gzip@/opt/SalomeMeca/V2017.0.2/tools/Code_aster_frontend-20170/lib/python2.7/site-packages/asrun/system.py:552]
cmd :
gzip glob.1
background : False
follow_output : False
[  OK  ]
compressing glob.1                                                      
>>> 2019/01/10-20:45:12.809  [Gzip@/opt/SalomeMeca/V2017.0.2/tools/Code_aster_frontend-20170/lib/python2.7/site-packages/asrun/system.py:552]
cmd :
gzip pick.1
background : False
follow_output : False
[  OK  ]
compressing pick.1                                                      
>>> 2019/01/10-20:45:12.970  [copyfileR@/opt/SalomeMeca/V2017.0.2/tools/Code_aster_frontend-20170/lib/python2.7/site-packages/asrun/execution.py:665]
source list : ('glob.1.gz', 'pick.1.gz')
destination : /tmp/salome_localres_workdir_caelinux/caelinux-caelinux-Don-10-204506.449/base-stage1

>>> 2019/01/10-20:45:12.970  [copyfileR@/opt/SalomeMeca/V2017.0.2/tools/Code_aster_frontend-20170/lib/python2.7/site-packages/asrun/execution.py:665]
cmd :
cp -L -r glob.1.gz /tmp/salome_localres_workdir_caelinux/caelinux-caelinux-Don-10-204506.449/base-stage1
background : False
follow_output : False
[  OK  ]
copying .../glob.1.gz...                                                
>>> 2019/01/10-20:45:12.985  [copyfileR@/opt/SalomeMeca/V2017.0.2/tools/Code_aster_frontend-20170/lib/python2.7/site-packages/asrun/execution.py:665]
cmd :
cp -L -r pick.1.gz /tmp/salome_localres_workdir_caelinux/caelinux-caelinux-Don-10-204506.449/base-stage1
background : False
follow_output : False
[  OK  ]
copying .../pick.1.gz...                                                [  OK  ]

OK                 Code_Aster run ended


>>> 2019/01/10-20:45:12.997  [Shell@/opt/SalomeMeca/V2017.0.2/tools/Code_aster_frontend-20170/lib/python2.7/site-packages/asrun/system.py:517]
remote command ( <> caelinux and caelinux <> caelinux) ? False

>>> 2019/01/10-20:45:12.997  [_clear_tmp@/opt/SalomeMeca/V2017.0.2/tools/Code_aster_frontend-20170/lib/python2.7/site-packages/asrun/run.py:484]
cmd :
\rm -rf /tmp/astk_caelinux/caelinux-caelinux-profil_astk.24310
background : False
follow_output : False

>>> 2019/01/10-20:45:13.007  [Shell@/opt/SalomeMeca/V2017.0.2/tools/Code_aster_frontend-20170/lib/python2.7/site-packages/asrun/system.py:517]
remote command ( <> caelinux and caelinux <> caelinux) ? False

>>> 2019/01/10-20:45:13.007  [_clear_tmp@/opt/SalomeMeca/V2017.0.2/tools/Code_aster_frontend-20170/lib/python2.7/site-packages/asrun/run.py:484]
cmd :
\rm -rf /tmp/caelinux-caelinux-interactif.24310
background : False
follow_output : False

>>> 2019/01/10-20:45:13.019  [Sortie@/opt/SalomeMeca/V2017.0.2/tools/Code_aster_frontend-20170/lib/python2.7/site-packages/asrun/run.py:733]
exit 0

 
 ---------------------------------------------------------------------------------
                                            cpu     system    cpu+sys    elapsed
 ---------------------------------------------------------------------------------
   Preparation of environment              0.00       0.00       0.00       0.00
   Copying datas                           0.00       0.01       0.01       0.04
   Code_Aster run                          2.19       0.38       2.57       2.89
   Copying results                         1.58       0.18       1.76       1.99
 ---------------------------------------------------------------------------------
   Total                                   3.82       0.64       4.46       5.12
 ---------------------------------------------------------------------------------

as_run 2017.0

------------------------------------------------------------
--- DIAGNOSTIC JOB : <A>_ALARM
------------------------------------------------------------


EXIT_CODE=0
